docker-compose : time="2026-
01-07T17:10:26+05:30" 
level=warning msg="C:\\Users
\\ganes\\OneDrive\\Desktop\\
mock test\\backend\\docker-c
ompose.yml: the attribute 
`version` is obsolete, it 
will be ignored, please 
remove it to avoid 
potential confusion"
At line:1 char:1
+ docker-compose build 
backend 2>&1 | Tee-Object 
-FilePath "build-outpu ...
+ ~~~~~~~~~~~~~~~~~~~~~~~~~~
~~~~~~~
    + CategoryInfo          
    : NotSpecified: (time=  
  "2026-01-0...tial confu   
 sion":String) [], Remot    
eException
    + FullyQualifiedErrorId 
    : NativeCommandError
 
#1 [internal] load local bake definitions
#1 reading from stdin 568B done
#1 DONE 0.0s

#2 [internal] load build definition from Dockerfile
#2 transferring dockerfile: 1.23kB 0.0s done
#2 DONE 0.1s

#3 [internal] load metadata for docker.io/library/maven:3.9.6-eclipse-temurin-17
#3 DONE 0.0s

#4 [internal] load metadata for docker.io/library/eclipse-temurin:17-jre-alpine
#4 ...

#5 [auth] library/eclipse-temurin:pull token for registry-1.docker.io
#5 DONE 0.0s

#4 [internal] load metadata for docker.io/library/eclipse-temurin:17-jre-alpine
#4 DONE 3.6s

#6 [internal] load .dockerignore
#6 transferring context: 2B done
#6 DONE 0.0s

#7 [stage-1 1/5] FROM docker.io/library/eclipse-temurin:17-jre-alpine@sha256:f57e47e7a78ae1ff5019681d95a4964153b0d1078bdff2a2f288e4a5ee329c14
#7 DONE 0.0s

#8 [builder 1/6] FROM docker.io/library/maven:3.9.6-eclipse-temurin-17
#8 DONE 0.0s

#9 [internal] load build context
#9 transferring context: 15.19kB 0.1s done
#9 DONE 0.1s

#10 [builder 2/6] WORKDIR /app
#10 CACHED

#11 [builder 3/6] COPY pom.xml .
#11 CACHED

#12 [builder 4/6] RUN mvn dependency:go-offline -B
#12 CACHED

#13 [builder 5/6] COPY src src
#13 DONE 0.3s

#14 [builder 6/6] RUN mvn clean package -DskipTests
#14 5.640 [INFO] Scanning for projects...
#14 6.684 [INFO] 
#14 6.684 [INFO] -----------------< com.examportal:exam-portal-backend >-----------------
#14 6.684 [INFO] Building Exam Portal Backend 1.0.0
#14 6.684 [INFO]   from pom.xml
#14 6.684 [INFO] --------------------------------[ jar ]---------------------------------
#14 7.769 Downloading from central: https://repo.maven.apache.org/maven2/org/jboss/logging/jboss-logging/3.5.3.Final/jboss-logging-3.5.3.Final.pom
#14 13.56 Progress (1): 765 B
Progress (1): 2.4 kB
Progress (1): 3.9 kB
Progress (1): 8.1 kB
Progress (1): 16 kB 
Progress (1): 17 kB
Progress (1): 19 kB
                   
Downloaded from central: https://repo.maven.apache.org/maven2/org/jboss/logging/jboss-logging/3.5.3.Final/jboss-logging-3.5.3.Final.pom (19 kB at 3.2 kB/s)
#14 13.59 Downloading from central: https://repo.maven.apache.org/maven2/org/jboss/logging/logging-parent/1.0.1.Final/logging-parent-1.0.1.Final.pom
#14 13.67 Progress (1): 1.3 kB
Progress (1): 2.7 kB
Progress (1): 3.2 kB
Progress (1): 6.0 kB
                    
Downloaded from central: https://repo.maven.apache.org/maven2/org/jboss/logging/logging-parent/1.0.1.Final/logging-parent-1.0.1.Final.pom (6.0 kB at 64 kB/s)
#14 13.71 Downloading from central: https://repo.maven.apache.org/maven2/com/fasterxml/classmate/1.6.0/classmate-1.6.0.pom
#14 13.79 Progress (1): 1.3 kB
Progress (1): 2.5 kB
Progress (1): 3.2 kB
Progress (1): 5.2 kB
Progress (1): 6.6 kB
                    
Downloaded from central: https://repo.maven.apache.org/maven2/com/fasterxml/classmate/1.6.0/classmate-1.6.0.pom (6.6 kB at 85 kB/s)
#14 13.79 Downloading from central: https://repo.maven.apache.org/maven2/com/fasterxml/oss-parent/55/oss-parent-55.pom
#14 13.86 Progress (1): 1.0 kB
Progress (1): 2.4 kB
Progress (1): 3.2 kB
Progress (1): 4.7 kB
Progress (1): 8.5 kB
Progress (1): 9.7 kB
Progress (1): 12 kB 
Progress (1): 15 kB
Progress (1): 18 kB
Progress (1): 20 kB
Progress (1): 24 kB
                   
Downloaded from central: https://repo.maven.apache.org/maven2/com/fasterxml/oss-parent/55/oss-parent-55.pom (24 kB at 302 kB/s)
#14 13.88 Downloading from central: https://repo.maven.apache.org/maven2/net/bytebuddy/byte-buddy/1.14.10/byte-buddy-1.14.10.pom
#14 13.95 Progress (1): 1.1 kB
Progress (1): 3.0 kB
Progress (1): 3.2 kB
Progress (1): 5.9 kB
Progress (1): 13 kB 
Progress (1): 16 kB
Progress (1): 16 kB
                   
Downloaded from central: https://repo.maven.apache.org/maven2/net/bytebuddy/byte-buddy/1.14.10/byte-buddy-1.14.10.pom (16 kB at 206 kB/s)
#14 13.96 Downloading from central: https://repo.maven.apache.org/maven2/net/bytebuddy/byte-buddy-parent/1.14.10/byte-buddy-parent-1.14.10.pom
#14 14.05 Progress (1): 852 B
Progress (1): 2.1 kB
Progress (1): 2.9 kB
Progress (1): 5.3 kB
Progress (1): 7.4 kB
Progress (1): 8.8 kB
Progress (1): 11 kB 
Progress (1): 14 kB
Progress (1): 17 kB
Progress (1): 22 kB
Progress (1): 25 kB
Progress (1): 30 kB
Progress (1): 45 kB
Progress (1): 49 kB
Progress (1): 53 kB
Progress (1): 57 kB
Progress (1): 62 kB
                   
Downloaded from central: https://repo.maven.apache.org/maven2/net/bytebuddy/byte-buddy-parent/1.14.10/byte-buddy-parent-1.14.10.pom (62 kB at 308 kB/s)
#14 14.94 Downloading from central: https://repo.maven.apache.org/maven2/org/glassfish/jaxb/jaxb-runtime/4.0.4/jaxb-runtime-4.0.4.pom
#14 15.04 Progress (1): 868 B
Progress (1): 2.6 kB
Progress (1): 3.2 kB
Progress (1): 6.8 kB
Progress (1): 10 kB 
Progress (1): 11 kB
                   
Downloaded from central: https://repo.maven.apache.org/maven2/org/glassfish/jaxb/jaxb-runtime/4.0.4/jaxb-runtime-4.0.4.pom (11 kB at 108 kB/s)
#14 15.05 Downloading from central: https://repo.maven.apache.org/maven2/com/sun/xml/bind/mvn/jaxb-runtime-parent/4.0.4/jaxb-runtime-parent-4.0.4.pom
#14 15.16 Progress (1): 932 B
Progress (1): 1.2 kB
                    
Downloaded from central: https://repo.maven.apache.org/maven2/com/sun/xml/bind/mvn/jaxb-runtime-parent/4.0.4/jaxb-runtime-parent-4.0.4.pom (1.2 kB at 11 kB/s)
#14 15.17 Downloading from central: https://repo.maven.apache.org/maven2/com/sun/xml/bind/mvn/jaxb-parent/4.0.4/jaxb-parent-4.0.4.pom
#14 15.62 Progress (1): 890 B
Progress (1): 2.3 kB
Progress (1): 3.2 kB
Progress (1): 4.5 kB
Progress (1): 7.0 kB
Progress (1): 13 kB 
Progress (1): 17 kB
Progress (1): 22 kB
Progress (1): 29 kB
Progress (1): 34 kB
Progress (1): 35 kB
                   
Downloaded from central: https://repo.maven.apache.org/maven2/com/sun/xml/bind/mvn/jaxb-parent/4.0.4/jaxb-parent-4.0.4.pom (35 kB at 76 kB/s)
#14 15.63 Downloading from central: https://repo.maven.apache.org/maven2/com/sun/xml/bind/jaxb-bom-ext/4.0.4/jaxb-bom-ext-4.0.4.pom
#14 15.93 Progress (1): 863 B
Progress (1): 3.5 kB
                    
Downloaded from central: https://repo.maven.apache.org/maven2/com/sun/xml/bind/jaxb-bom-ext/4.0.4/jaxb-bom-ext-4.0.4.pom (3.5 kB at 12 kB/s)
#14 15.93 Downloading from central: https://repo.maven.apache.org/maven2/org/glassfish/jaxb/jaxb-core/4.0.4/jaxb-core-4.0.4.pom
#14 16.27 Progress (1): 881 B
Progress (1): 3.2 kB
Progress (1): 3.7 kB
                    
Downloaded from central: https://repo.maven.apache.org/maven2/org/glassfish/jaxb/jaxb-core/4.0.4/jaxb-core-4.0.4.pom (3.7 kB at 11 kB/s)
#14 16.28 Downloading from central: https://repo.maven.apache.org/maven2/org/eclipse/angus/angus-activation/2.0.1/angus-activation-2.0.1.pom
#14 16.56 Progress (1): 929 B
Progress (1): 3.4 kB
Progress (1): 4.0 kB
                    
Downloaded from central: https://repo.maven.apache.org/maven2/org/eclipse/angus/angus-activation/2.0.1/angus-activation-2.0.1.pom (4.0 kB at 14 kB/s)
#14 16.57 Downloading from central: https://repo.maven.apache.org/maven2/org/eclipse/angus/angus-activation-project/2.0.1/angus-activation-project-2.0.1.pom
#14 16.90 Progress (1): 941 B
Progress (1): 2.9 kB
Progress (1): 4.1 kB
Progress (1): 8.6 kB
Progress (1): 12 kB 
Progress (1): 16 kB
Progress (1): 19 kB
Progress (1): 20 kB
                   
Downloaded from central: https://repo.maven.apache.org/maven2/org/eclipse/angus/angus-activation-project/2.0.1/angus-activation-project-2.0.1.pom (20 kB at 61 kB/s)
#14 16.91 Downloading from central: https://repo.maven.apache.org/maven2/org/glassfish/jaxb/txw2/4.0.4/txw2-4.0.4.pom
#14 17.32 Progress (1): 929 B
Progress (1): 1.8 kB
                    
Downloaded from central: https://repo.maven.apache.org/maven2/org/glassfish/jaxb/txw2/4.0.4/txw2-4.0.4.pom (1.8 kB at 4.2 kB/s)
#14 17.33 Downloading from central: https://repo.maven.apache.org/maven2/com/sun/xml/bind/mvn/jaxb-txw-parent/4.0.4/jaxb-txw-parent-4.0.4.pom
#14 17.80 Progress (1): 928 B
Progress (1): 1.2 kB
                    
Downloaded from central: https://repo.maven.apache.org/maven2/com/sun/xml/bind/mvn/jaxb-txw-parent/4.0.4/jaxb-txw-parent-4.0.4.pom (1.2 kB at 2.6 kB/s)
#14 17.81 Downloading from central: https://repo.maven.apache.org/maven2/com/sun/istack/istack-commons-runtime/4.1.2/istack-commons-runtime-4.1.2.pom
#14 18.25 Progress (1): 908 B
Progress (1): 1.6 kB
                    
Downloaded from central: https://repo.maven.apache.org/maven2/com/sun/istack/istack-commons-runtime/4.1.2/istack-commons-runtime-4.1.2.pom (1.6 kB at 3.6 kB/s)
#14 18.26 Downloading from central: https://repo.maven.apache.org/maven2/com/sun/istack/istack-commons/4.1.2/istack-commons-4.1.2.pom
#14 18.33 Progress (1): 894 B
Progress (1): 2.8 kB
Progress (1): 3.2 kB
Progress (1): 5.6 kB
Progress (1): 13 kB 
Progress (1): 18 kB
Progress (1): 22 kB
Progress (1): 26 kB
                   
Downloaded from central: https://repo.maven.apache.org/maven2/com/sun/istack/istack-commons/4.1.2/istack-commons-4.1.2.pom (26 kB at 255 kB/s)
#14 18.48 Downloading from central: https://repo.maven.apache.org/maven2/io/netty/netty-common/4.1.104.Final/netty-common-4.1.104.Final.pom
#14 18.56 Progress (1): 1.5 kB
Progress (1): 4.3 kB
Progress (1): 10 kB 
Progress (1): 12 kB
                   
Downloaded from central: https://repo.maven.apache.org/maven2/io/netty/netty-common/4.1.104.Final/netty-common-4.1.104.Final.pom (12 kB at 139 kB/s)
#14 18.57 Downloading from central: https://repo.maven.apache.org/maven2/io/netty/netty-parent/4.1.104.Final/netty-parent-4.1.104.Final.pom
#14 18.66 Progress (1): 808 B
Progress (1): 2.4 kB
Progress (1): 4.1 kB
Progress (1): 6.3 kB
Progress (1): 8.1 kB
Progress (1): 20 kB 
Progress (1): 23 kB
Progress (1): 25 kB
Progress (1): 27 kB
Progress (1): 29 kB
Progress (1): 32 kB
Progress (1): 33 kB
Progress (1): 38 kB
Progress (1): 42 kB
Progress (1): 46 kB
Progress (1): 49 kB
Progress (1): 52 kB
Progress (1): 55 kB
Progress (1): 57 kB
Progress (1): 61 kB
Progress (1): 61 kB
Progress (1): 63 kB
Progress (1): 66 kB
Progress (1): 68 kB
Progress (1): 70 kB
Progress (1): 74 kB
Progress (1): 78 kB
Progress (1): 83 kB
Progress (1): 85 kB
                   
Downloaded from central: https://repo.maven.apache.org/maven2/io/netty/netty-parent/4.1.104.Final/netty-parent-4.1.104.Final.pom (85 kB at 724 kB/s)
#14 18.69 Downloading from central: https://repo.maven.apache.org/maven2/io/netty/netty-handler/4.1.104.Final/netty-handler-4.1.104.Final.pom
#14 18.78 Progress (1): 815 B
Progress (1): 3.2 kB
Progress (1): 4.6 kB
                    
Downloaded from central: https://repo.maven.apache.org/maven2/io/netty/netty-handler/4.1.104.Final/netty-handler-4.1.104.Final.pom (4.6 kB at 53 kB/s)
#14 18.79 Downloading from central: https://repo.maven.apache.org/maven2/io/netty/netty-resolver/4.1.104.Final/netty-resolver-4.1.104.Final.pom
#14 18.86 Progress (1): 876 B
Progress (1): 1.6 kB
                    
Downloaded from central: https://repo.maven.apache.org/maven2/io/netty/netty-resolver/4.1.104.Final/netty-resolver-4.1.104.Final.pom (1.6 kB at 22 kB/s)
#14 18.88 Downloading from central: https://repo.maven.apache.org/maven2/io/netty/netty-buffer/4.1.104.Final/netty-buffer-4.1.104.Final.pom
#14 18.98 Progress (1): 881 B
Progress (1): 1.6 kB
                    
Downloaded from central: https://repo.maven.apache.org/maven2/io/netty/netty-buffer/4.1.104.Final/netty-buffer-4.1.104.Final.pom (1.6 kB at 16 kB/s)
#14 18.98 Downloading from central: https://repo.maven.apache.org/maven2/io/netty/netty-transport/4.1.104.Final/netty-transport-4.1.104.Final.pom
#14 19.06 Progress (1): 810 B
Progress (1): 2.2 kB
                    
Downloaded from central: https://repo.maven.apache.org/maven2/io/netty/netty-transport/4.1.104.Final/netty-transport-4.1.104.Final.pom (2.2 kB at 28 kB/s)
#14 19.07 Downloading from central: https://repo.maven.apache.org/maven2/io/netty/netty-transport-native-unix-common/4.1.104.Final/netty-transport-native-unix-common-4.1.104.Final.pom
#14 19.14 Progress (1): 809 B
Progress (1): 2.3 kB
Progress (1): 3.2 kB
Progress (1): 5.6 kB
Progress (1): 7.4 kB
Progress (1): 29 kB 
Progress (1): 33 kB
                   
Downloaded from central: https://repo.maven.apache.org/maven2/io/netty/netty-transport-native-unix-common/4.1.104.Final/netty-transport-native-unix-common-4.1.104.Final.pom (33 kB at 424 kB/s)
#14 19.16 Downloading from central: https://repo.maven.apache.org/maven2/io/netty/netty-codec/4.1.104.Final/netty-codec-4.1.104.Final.pom
#14 19.23 Progress (1): 802 B
Progress (1): 4.5 kB
Progress (1): 5.5 kB
                    
Downloaded from central: https://repo.maven.apache.org/maven2/io/netty/netty-codec/4.1.104.Final/netty-codec-4.1.104.Final.pom (5.5 kB at 69 kB/s)
#14 19.24 Downloading from central: https://repo.maven.apache.org/maven2/io/projectreactor/reactor-core/3.6.1/reactor-core-3.6.1.pom
#14 19.31 Progress (1): 1.0 kB
Progress (1): 2.1 kB
                    
Downloaded from central: https://repo.maven.apache.org/maven2/io/projectreactor/reactor-core/3.6.1/reactor-core-3.6.1.pom (2.1 kB at 27 kB/s)
#14 19.72 Downloading from central: https://repo.maven.apache.org/maven2/net/bytebuddy/byte-buddy-agent/1.14.10/byte-buddy-agent-1.14.10.pom
#14 19.80 Progress (1): 1.2 kB
Progress (1): 3.2 kB
Progress (1): 5.2 kB
Progress (1): 8.6 kB
Progress (1): 10 kB 
                   
Downloaded from central: https://repo.maven.apache.org/maven2/net/bytebuddy/byte-buddy-agent/1.14.10/byte-buddy-agent-1.14.10.pom (10 kB at 118 kB/s)
#14 20.78 Downloading from central: https://repo.maven.apache.org/maven2/org/jboss/logging/jboss-logging/3.5.3.Final/jboss-logging-3.5.3.Final.jar
#14 20.90 Progress (1): 7.7/59 kB
Progress (1): 16/59 kB 
Progress (1): 32/59 kB
Progress (1): 49/59 kB
Progress (1): 59 kB   
                   
Downloaded from central: https://repo.maven.apache.org/maven2/org/jboss/logging/jboss-logging/3.5.3.Final/jboss-logging-3.5.3.Final.jar (59 kB at 452 kB/s)
#14 20.92 Downloading from central: https://repo.maven.apache.org/maven2/net/bytebuddy/byte-buddy/1.14.10/byte-buddy-1.14.10.jar
#14 20.92 Downloading from central: https://repo.maven.apache.org/maven2/com/fasterxml/classmate/1.6.0/classmate-1.6.0.jar
#14 20.92 Downloading from central: https://repo.maven.apache.org/maven2/org/glassfish/jaxb/jaxb-runtime/4.0.4/jaxb-runtime-4.0.4.jar
#14 20.92 Downloading from central: https://repo.maven.apache.org/maven2/org/glassfish/jaxb/jaxb-core/4.0.4/jaxb-core-4.0.4.jar
#14 20.92 Downloading from central: https://repo.maven.apache.org/maven2/org/eclipse/angus/angus-activation/2.0.1/angus-activation-2.0.1.jar
#14 21.00 Progress (1): 0/4.2 MB
Progress (1): 0/4.2 MB
Progress (1): 0/4.2 MB
Progress (1): 0.1/4.2 MB
Progress (1): 0.1/4.2 MB
Progress (1): 0.1/4.2 MB
Progress (1): 0.1/4.2 MB
Progress (1): 0.1/4.2 MB
Progress (1): 0.1/4.2 MB
Progress (1): 0.2/4.2 MB
Progress (1): 0.2/4.2 MB
Progress (1): 0.2/4.2 MB
Progress (1): 0.2/4.2 MB
Progress (1): 0.2/4.2 MB
Progress (1): 0.2/4.2 MB
Progress (1): 0.2/4.2 MB
Progress (1): 0.3/4.2 MB
Progress (1): 0.3/4.2 MB
Progress (1): 0.3/4.2 MB
Progress (1): 0.3/4.2 MB
Progress (1): 0.3/4.2 MB
Progress (1): 0.3/4.2 MB
Progress (1): 0.4/4.2 MB
Progress (1): 0.4/4.2 MB
Progress (1): 0.4/4.2 MB
Progress (1): 0.4/4.2 MB
Progress (1): 0.4/4.2 MB
Progress (1): 0.4/4.2 MB
Progress (1): 0.5/4.2 MB
Progress (1): 0.5/4.2 MB
Progress (1): 0.5/4.2 MB
Progress (1): 0.5/4.2 MB
Progress (1): 0.5/4.2 MB
Progress (1): 0.5/4.2 MB
Progress (1): 0.6/4.2 MB
Progress (1): 0.6/4.2 MB
Progress (1): 0.6/4.2 MB
Progress (2): 0.6/4.2 MB | 0.9/27 kB
Progress (2): 0.6/4.2 MB | 2.3/27 kB
Progress (2): 0.6/4.2 MB | 3.6/27 kB
Progress (2): 0.6/4.2 MB | 5.0/27 kB
Progress (2): 0.6/4.2 MB | 6.4/27 kB
Progress (2): 0.6/4.2 MB | 7.7/27 kB
Progress (2): 0.6/4.2 MB | 9.1/27 kB
Progress (2): 0.6/4.2 MB | 10/27 kB 
Progress (3): 0.6/4.2 MB | 10/27 kB | 0.9/69 kB
Progress (3): 0.6/4.2 MB | 11/27 kB | 0.9/69 kB
Progress (3): 0.6/4.2 MB | 11/27 kB | 2.3/69 kB
Progress (3): 0.6/4.2 MB | 13/27 kB | 2.3/69 kB
Progress (3): 0.6/4.2 MB | 13/27 kB | 3.2/69 kB
Progress (3): 0.6/4.2 MB | 14/27 kB | 3.2/69 kB
Progress (3): 0.6/4.2 MB | 14/27 kB | 4.6/69 kB
Progress (3): 0.6/4.2 MB | 16/27 kB | 4.6/69 kB
Progress (3): 0.6/4.2 MB | 16/27 kB | 5.9/69 kB
Progress (3): 0.6/4.2 MB | 17/27 kB | 5.9/69 kB
Progress (3): 0.6/4.2 MB | 17/27 kB | 7.3/69 kB
Progress (3): 0.6/4.2 MB | 18/27 kB | 7.3/69 kB
Progress (3): 0.6/4.2 MB | 18/27 kB | 8.7/69 kB
Progress (3): 0.6/4.2 MB | 20/27 kB | 8.7/69 kB
Progress (3): 0.6/4.2 MB | 20/27 kB | 10/69 kB 
Progress (3): 0.6/4.2 MB | 21/27 kB | 10/69 kB
Progress (3): 0.6/4.2 MB | 21/27 kB | 11/69 kB
Progress (3): 0.6/4.2 MB | 22/27 kB | 11/69 kB
Progress (3): 0.6/4.2 MB | 22/27 kB | 13/69 kB
Progress (3): 0.6/4.2 MB | 24/27 kB | 13/69 kB
Progress (3): 0.6/4.2 MB | 24/27 kB | 14/69 kB
Progress (3): 0.6/4.2 MB | 25/27 kB | 14/69 kB
Progress (3): 0.6/4.2 MB | 25/27 kB | 16/69 kB
Progress (3): 0.6/4.2 MB | 26/27 kB | 16/69 kB
Progress (3): 0.6/4.2 MB | 26/27 kB | 17/69 kB
Progress (3): 0.6/4.2 MB | 27 kB | 17/69 kB   
Progress (3): 0.6/4.2 MB | 27 kB | 18/69 kB
Progress (3): 0.6/4.2 MB | 27 kB | 20/69 kB
Progress (3): 0.6/4.2 MB | 27 kB | 21/69 kB
                                           
Downloaded from central: https://repo.maven.apache.org/maven2/org/eclipse/angus/angus-activation/2.0.1/angus-activation-2.0.1.jar (27 kB at 76 kB/s)
#14 21.28 Downloading from central: https://repo.maven.apache.org/maven2/org/glassfish/jaxb/txw2/4.0.4/txw2-4.0.4.jar
#14 21.28 Progress (2): 0.6/4.2 MB | 22/69 kB
Progress (2): 0.6/4.2 MB | 24/69 kB
Progress (2): 0.6/4.2 MB | 25/69 kB
Progress (2): 0.6/4.2 MB | 26/69 kB
Progress (2): 0.6/4.2 MB | 28/69 kB
Progress (2): 0.6/4.2 MB | 29/69 kB
Progress (2): 0.6/4.2 MB | 31/69 kB
Progress (3): 0.6/4.2 MB | 31/69 kB | 0.9/920 kB
Progress (3): 0.6/4.2 MB | 32/69 kB | 0.9/920 kB
Progress (3): 0.6/4.2 MB | 32/69 kB | 2.3/920 kB
Progress (3): 0.6/4.2 MB | 33/69 kB | 2.3/920 kB
Progress (3): 0.6/4.2 MB | 33/69 kB | 3.6/920 kB
Progress (3): 0.6/4.2 MB | 35/69 kB | 3.6/920 kB
Progress (3): 0.6/4.2 MB | 35/69 kB | 5.0/920 kB
Progress (3): 0.6/4.2 MB | 36/69 kB | 5.0/920 kB
Progress (3): 0.6/4.2 MB | 36/69 kB | 6.4/920 kB
Progress (3): 0.6/4.2 MB | 37/69 kB | 6.4/920 kB
Progress (3): 0.6/4.2 MB | 37/69 kB | 7.7/920 kB
Progress (3): 0.6/4.2 MB | 39/69 kB | 7.7/920 kB
Progress (3): 0.6/4.2 MB | 39/69 kB | 9.1/920 kB
Progress (3): 0.6/4.2 MB | 40/69 kB | 9.1/920 kB
Progress (3): 0.6/4.2 MB | 40/69 kB | 10/920 kB 
Progress (3): 0.6/4.2 MB | 42/69 kB | 10/920 kB
Progress (3): 0.6/4.2 MB | 42/69 kB | 12/920 kB
Progress (3): 0.6/4.2 MB | 42/69 kB | 12/920 kB
Progress (3): 0.6/4.2 MB | 42/69 kB | 13/920 kB
Progress (3): 0.6/4.2 MB | 43/69 kB | 13/920 kB
Progress (3): 0.6/4.2 MB | 43/69 kB | 15/920 kB
Progress (3): 0.6/4.2 MB | 44/69 kB | 15/920 kB
Progress (3): 0.6/4.2 MB | 44/69 kB | 16/920 kB
Progress (3): 0.6/4.2 MB | 46/69 kB | 16/920 kB
Progress (3): 0.6/4.2 MB | 46/69 kB | 16/920 kB
Progress (3): 0.6/4.2 MB | 46/69 kB | 17/920 kB
Progress (3): 0.6/4.2 MB | 46/69 kB | 17/920 kB
Progress (3): 0.6/4.2 MB | 47/69 kB | 17/920 kB
Progress (3): 0.6/4.2 MB | 47/69 kB | 19/920 kB
Progress (3): 0.6/4.2 MB | 48/69 kB | 19/920 kB
Progress (3): 0.7/4.2 MB | 48/69 kB | 19/920 kB
Progress (3): 0.7/4.2 MB | 48/69 kB | 20/920 kB
Progress (3): 0.7/4.2 MB | 50/69 kB | 20/920 kB
Progress (3): 0.7/4.2 MB | 50/69 kB | 21/920 kB
Progress (3): 0.7/4.2 MB | 51/69 kB | 21/920 kB
Progress (3): 0.7/4.2 MB | 51/69 kB | 21/920 kB
Progress (3): 0.7/4.2 MB | 52/69 kB | 21/920 kB
Progress (3): 0.7/4.2 MB | 52/69 kB | 23/920 kB
Progress (4): 0.7/4.2 MB | 52/69 kB | 23/920 kB | 0.9/139 kB
Progress (4): 0.7/4.2 MB | 54/69 kB | 23/920 kB | 0.9/139 kB
Progress (4): 0.7/4.2 MB | 54/69 kB | 23/920 kB | 0.9/139 kB
Progress (4): 0.7/4.2 MB | 54/69 kB | 24/920 kB | 0.9/139 kB
Progress (4): 0.7/4.2 MB | 55/69 kB | 24/920 kB | 0.9/139 kB
Progress (4): 0.7/4.2 MB | 55/69 kB | 26/920 kB | 0.9/139 kB
Progress (4): 0.7/4.2 MB | 59/69 kB | 26/920 kB | 0.9/139 kB
Progress (4): 0.7/4.2 MB | 59/69 kB | 27/920 kB | 0.9/139 kB
Progress (4): 0.7/4.2 MB | 59/69 kB | 28/920 kB | 0.9/139 kB
Progress (4): 0.7/4.2 MB | 59/69 kB | 30/920 kB | 0.9/139 kB
Progress (4): 0.7/4.2 MB | 59/69 kB | 30/920 kB | 2.3/139 kB
Progress (4): 0.7/4.2 MB | 59/69 kB | 31/920 kB | 2.3/139 kB
Progress (4): 0.7/4.2 MB | 59/69 kB | 31/920 kB | 3.6/139 kB
Progress (4): 0.7/4.2 MB | 59/69 kB | 32/920 kB | 3.6/139 kB
Progress (4): 0.7/4.2 MB | 59/69 kB | 32/920 kB | 5.0/139 kB
Progress (4): 0.7/4.2 MB | 59/69 kB | 34/920 kB | 5.0/139 kB
Progress (4): 0.7/4.2 MB | 59/69 kB | 34/920 kB | 6.4/139 kB
Progress (4): 0.7/4.2 MB | 59/69 kB | 35/920 kB | 6.4/139 kB
Progress (4): 0.7/4.2 MB | 59/69 kB | 35/920 kB | 7.7/139 kB
Progress (4): 0.7/4.2 MB | 59/69 kB | 36/920 kB | 7.7/139 kB
Progress (4): 0.7/4.2 MB | 59/69 kB | 36/920 kB | 9.1/139 kB
Progress (4): 0.7/4.2 MB | 59/69 kB | 38/920 kB | 9.1/139 kB
Progress (4): 0.7/4.2 MB | 59/69 kB | 38/920 kB | 10/139 kB 
Progress (4): 0.7/4.2 MB | 59/69 kB | 39/920 kB | 10/139 kB
Progress (4): 0.7/4.2 MB | 59/69 kB | 39/920 kB | 12/139 kB
Progress (4): 0.7/4.2 MB | 59/69 kB | 41/920 kB | 12/139 kB
Progress (4): 0.7/4.2 MB | 59/69 kB | 41/920 kB | 13/139 kB
Progress (4): 0.7/4.2 MB | 59/69 kB | 42/920 kB | 13/139 kB
Progress (4): 0.7/4.2 MB | 59/69 kB | 42/920 kB | 15/139 kB
Progress (4): 0.7/4.2 MB | 59/69 kB | 43/920 kB | 15/139 kB
Progress (4): 0.7/4.2 MB | 59/69 kB | 43/920 kB | 16/139 kB
Progress (4): 0.7/4.2 MB | 59/69 kB | 45/920 kB | 16/139 kB
Progress (4): 0.7/4.2 MB | 59/69 kB | 45/920 kB | 17/139 kB
Progress (4): 0.7/4.2 MB | 59/69 kB | 45/920 kB | 19/139 kB
Progress (4): 0.7/4.2 MB | 59/69 kB | 46/920 kB | 19/139 kB
Progress (4): 0.7/4.2 MB | 59/69 kB | 46/920 kB | 20/139 kB
Progress (4): 0.7/4.2 MB | 59/69 kB | 46/920 kB | 20/139 kB
Progress (4): 0.7/4.2 MB | 59/69 kB | 47/920 kB | 20/139 kB
Progress (4): 0.7/4.2 MB | 59/69 kB | 47/920 kB | 22/139 kB
Progress (4): 0.7/4.2 MB | 59/69 kB | 49/920 kB | 22/139 kB
Progress (4): 0.7/4.2 MB | 59/69 kB | 49/920 kB | 23/139 kB
Progress (4): 0.7/4.2 MB | 59/69 kB | 50/920 kB | 23/139 kB
Progress (4): 0.7/4.2 MB | 59/69 kB | 50/920 kB | 24/139 kB
Progress (4): 0.7/4.2 MB | 59/69 kB | 52/920 kB | 24/139 kB
Progress (4): 0.7/4.2 MB | 59/69 kB | 52/920 kB | 26/139 kB
Progress (4): 0.7/4.2 MB | 59/69 kB | 53/920 kB | 26/139 kB
Progress (4): 0.7/4.2 MB | 59/69 kB | 53/920 kB | 27/139 kB
Progress (4): 0.7/4.2 MB | 59/69 kB | 54/920 kB | 27/139 kB
Progress (4): 0.7/4.2 MB | 59/69 kB | 54/920 kB | 28/139 kB
Progress (4): 0.7/4.2 MB | 59/69 kB | 56/920 kB | 28/139 kB
Progress (4): 0.7/4.2 MB | 59/69 kB | 56/920 kB | 30/139 kB
Progress (4): 0.7/4.2 MB | 59/69 kB | 56/920 kB | 30/139 kB
Progress (4): 0.7/4.2 MB | 59/69 kB | 60/920 kB | 30/139 kB
Progress (4): 0.7/4.2 MB | 59/69 kB | 60/920 kB | 31/139 kB
Progress (4): 0.7/4.2 MB | 59/69 kB | 60/920 kB | 33/139 kB
Progress (4): 0.7/4.2 MB | 59/69 kB | 60/920 kB | 34/139 kB
Progress (4): 0.7/4.2 MB | 59/69 kB | 60/920 kB | 35/139 kB
Progress (4): 0.7/4.2 MB | 59/69 kB | 60/920 kB | 37/139 kB
Progress (4): 0.7/4.2 MB | 59/69 kB | 60/920 kB | 38/139 kB
Progress (4): 0.7/4.2 MB | 59/69 kB | 60/920 kB | 39/139 kB
Progress (4): 0.7/4.2 MB | 59/69 kB | 60/920 kB | 41/139 kB
Progress (4): 0.7/4.2 MB | 59/69 kB | 60/920 kB | 41/139 kB
Progress (4): 0.7/4.2 MB | 59/69 kB | 60/920 kB | 42/139 kB
Progress (4): 0.7/4.2 MB | 59/69 kB | 60/920 kB | 44/139 kB
Progress (4): 0.7/4.2 MB | 59/69 kB | 60/920 kB | 45/139 kB
Progress (4): 0.7/4.2 MB | 59/69 kB | 60/920 kB | 46/139 kB
Progress (4): 0.7/4.2 MB | 59/69 kB | 60/920 kB | 46/139 kB
Progress (4): 0.7/4.2 MB | 59/69 kB | 60/920 kB | 48/139 kB
Progress (4): 0.7/4.2 MB | 59/69 kB | 60/920 kB | 49/139 kB
Progress (4): 0.7/4.2 MB | 59/69 kB | 60/920 kB | 50/139 kB
Progress (4): 0.7/4.2 MB | 59/69 kB | 60/920 kB | 52/139 kB
Progress (4): 0.7/4.2 MB | 59/69 kB | 60/920 kB | 53/139 kB
Progress (4): 0.8/4.2 MB | 59/69 kB | 60/920 kB | 53/139 kB
Progress (4): 0.8/4.2 MB | 59/69 kB | 60/920 kB | 54/139 kB
Progress (4): 0.8/4.2 MB | 59/69 kB | 60/920 kB | 59/139 kB
Progress (4): 0.8/4.2 MB | 59/69 kB | 60/920 kB | 63/139 kB
Progress (4): 0.8/4.2 MB | 59/69 kB | 60/920 kB | 63/139 kB
Progress (4): 0.8/4.2 MB | 59/69 kB | 60/920 kB | 63/139 kB
Progress (4): 0.8/4.2 MB | 59/69 kB | 60/920 kB | 63/139 kB
Progress (4): 0.8/4.2 MB | 64/69 kB | 60/920 kB | 63/139 kB
Progress (4): 0.8/4.2 MB | 68/69 kB | 60/920 kB | 63/139 kB
Progress (4): 0.8/4.2 MB | 69 kB | 60/920 kB | 63/139 kB   
Progress (4): 0.8/4.2 MB | 69 kB | 60/920 kB | 63/139 kB
                                                        
Downloaded from central: https://repo.maven.apache.org/maven2/com/fasterxml/classmate/1.6.0/classmate-1.6.0.jar (69 kB at 122 kB/s)
#14 21.48 Downloading from central: https://repo.maven.apache.org/maven2/com/sun/istack/istack-commons-runtime/4.1.2/istack-commons-runtime-4.1.2.jar
#14 21.48 Progress (3): 0.8/4.2 MB | 60/920 kB | 63/139 kB
Progress (3): 0.9/4.2 MB | 60/920 kB | 63/139 kB
Progress (3): 0.9/4.2 MB | 60/920 kB | 63/139 kB
Progress (3): 0.9/4.2 MB | 64/920 kB | 63/139 kB
Progress (3): 0.9/4.2 MB | 68/920 kB | 63/139 kB
Progress (3): 0.9/4.2 MB | 73/920 kB | 63/139 kB
Progress (3): 0.9/4.2 MB | 77/920 kB | 63/139 kB
Progress (3): 0.9/4.2 MB | 81/920 kB | 63/139 kB
Progress (3): 0.9/4.2 MB | 85/920 kB | 63/139 kB
Progress (3): 0.9/4.2 MB | 85/920 kB | 63/139 kB
Progress (3): 0.9/4.2 MB | 89/920 kB | 63/139 kB
Progress (3): 0.9/4.2 MB | 94/920 kB | 63/139 kB
Progress (3): 0.9/4.2 MB | 98/920 kB | 63/139 kB
Progress (3): 0.9/4.2 MB | 102/920 kB | 63/139 kB
Progress (3): 0.9/4.2 MB | 102/920 kB | 63/139 kB
Progress (3): 0.9/4.2 MB | 106/920 kB | 63/139 kB
Progress (3): 0.9/4.2 MB | 111/920 kB | 63/139 kB
Progress (3): 0.9/4.2 MB | 115/920 kB | 63/139 kB
Progress (3): 0.9/4.2 MB | 115/920 kB | 63/139 kB
Progress (3): 0.9/4.2 MB | 119/920 kB | 63/139 kB
Progress (3): 0.9/4.2 MB | 123/920 kB | 63/139 kB
Progress (3): 0.9/4.2 MB | 123/920 kB | 63/139 kB
Progress (4): 0.9/4.2 MB | 123/920 kB | 63/139 kB | 0.9/73 kB
Progress (4): 0.9/4.2 MB | 123/920 kB | 63/139 kB | 2.3/73 kB
Progress (4): 0.9/4.2 MB | 123/920 kB | 63/139 kB | 3.6/73 kB
Progress (4): 0.9/4.2 MB | 123/920 kB | 63/139 kB | 3.9/73 kB
Progress (4): 0.9/4.2 MB | 123/920 kB | 63/139 kB | 5.3/73 kB
Progress (4): 1.0/4.2 MB | 123/920 kB | 63/139 kB | 5.3/73 kB
Progress (4): 1.0/4.2 MB | 123/920 kB | 63/139 kB | 6.6/73 kB
Progress (4): 1.0/4.2 MB | 123/920 kB | 63/139 kB | 8.0/73 kB
Progress (4): 1.0/4.2 MB | 123/920 kB | 63/139 kB | 9.4/73 kB
Progress (4): 1.0/4.2 MB | 123/920 kB | 63/139 kB | 11/73 kB 
Progress (4): 1.0/4.2 MB | 123/920 kB | 63/139 kB | 12/73 kB
Progress (4): 1.0/4.2 MB | 123/920 kB | 63/139 kB | 13/73 kB
Progress (4): 1.0/4.2 MB | 123/920 kB | 63/139 kB | 15/73 kB
Progress (4): 1.0/4.2 MB | 123/920 kB | 63/139 kB | 16/73 kB
Progress (4): 1.0/4.2 MB | 123/920 kB | 67/139 kB | 16/73 kB
Progress (4): 1.0/4.2 MB | 123/920 kB | 67/139 kB | 18/73 kB
Progress (4): 1.0/4.2 MB | 123/920 kB | 67/139 kB | 19/73 kB
Progress (4): 1.0/4.2 MB | 123/920 kB | 71/139 kB | 19/73 kB
Progress (4): 1.0/4.2 MB | 123/920 kB | 71/139 kB | 20/73 kB
Progress (4): 1.0/4.2 MB | 123/920 kB | 76/139 kB | 20/73 kB
Progress (4): 1.0/4.2 MB | 123/920 kB | 76/139 kB | 20/73 kB
Progress (4): 1.0/4.2 MB | 123/920 kB | 76/139 kB | 22/73 kB
Progress (4): 1.0/4.2 MB | 123/920 kB | 80/139 kB | 22/73 kB
Progress (4): 1.0/4.2 MB | 123/920 kB | 80/139 kB | 23/73 kB
Progress (4): 1.0/4.2 MB | 123/920 kB | 80/139 kB | 24/73 kB
Progress (4): 1.0/4.2 MB | 123/920 kB | 80/139 kB | 26/73 kB
Progress (4): 1.0/4.2 MB | 123/920 kB | 80/139 kB | 30/73 kB
Progress (4): 1.0/4.2 MB | 123/920 kB | 80/139 kB | 34/73 kB
Progress (4): 1.0/4.2 MB | 123/920 kB | 80/139 kB | 38/73 kB
Progress (4): 1.0/4.2 MB | 123/920 kB | 80/139 kB | 38/73 kB
Progress (4): 1.0/4.2 MB | 123/920 kB | 80/139 kB | 43/73 kB
Progress (4): 1.0/4.2 MB | 123/920 kB | 80/139 kB | 47/73 kB
Progress (4): 1.0/4.2 MB | 123/920 kB | 80/139 kB | 51/73 kB
Progress (4): 1.0/4.2 MB | 123/920 kB | 80/139 kB | 55/73 kB
Progress (4): 1.0/4.2 MB | 123/920 kB | 84/139 kB | 55/73 kB
Progress (4): 1.0/4.2 MB | 123/920 kB | 84/139 kB | 60/73 kB
Progress (4): 1.0/4.2 MB | 123/920 kB | 88/139 kB | 60/73 kB
Progress (4): 1.0/4.2 MB | 123/920 kB | 88/139 kB | 60/73 kB
Progress (4): 1.0/4.2 MB | 123/920 kB | 93/139 kB | 60/73 kB
Progress (4): 1.0/4.2 MB | 123/920 kB | 97/139 kB | 60/73 kB
Progress (4): 1.0/4.2 MB | 123/920 kB | 101/139 kB | 60/73 kB
Progress (4): 1.0/4.2 MB | 123/920 kB | 105/139 kB | 60/73 kB
Progress (4): 1.0/4.2 MB | 123/920 kB | 109/139 kB | 60/73 kB
Progress (4): 1.0/4.2 MB | 123/920 kB | 114/139 kB | 60/73 kB
Progress (4): 1.0/4.2 MB | 123/920 kB | 118/139 kB | 60/73 kB
Progress (4): 1.0/4.2 MB | 123/920 kB | 122/139 kB | 60/73 kB
Progress (4): 1.0/4.2 MB | 123/920 kB | 126/139 kB | 60/73 kB
Progress (4): 1.0/4.2 MB | 128/920 kB | 126/139 kB | 60/73 kB
Progress (4): 1.0/4.2 MB | 131/920 kB | 126/139 kB | 60/73 kB
Progress (4): 1.0/4.2 MB | 135/920 kB | 126/139 kB | 60/73 kB
Progress (4): 1.0/4.2 MB | 139/920 kB | 126/139 kB | 60/73 kB
Progress (4): 1.0/4.2 MB | 143/920 kB | 126/139 kB | 60/73 kB
Progress (4): 1.0/4.2 MB | 147/920 kB | 126/139 kB | 60/73 kB
Progress (4): 1.0/4.2 MB | 152/920 kB | 126/139 kB | 60/73 kB
Progress (4): 1.0/4.2 MB | 156/920 kB | 126/139 kB | 60/73 kB
Progress (4): 1.0/4.2 MB | 160/920 kB | 126/139 kB | 60/73 kB
Progress (4): 1.0/4.2 MB | 164/920 kB | 126/139 kB | 60/73 kB
Progress (4): 1.0/4.2 MB | 169/920 kB | 126/139 kB | 60/73 kB
Progress (4): 1.0/4.2 MB | 173/920 kB | 126/139 kB | 60/73 kB
Progress (4): 1.0/4.2 MB | 177/920 kB | 126/139 kB | 60/73 kB
Progress (4): 1.0/4.2 MB | 181/920 kB | 126/139 kB | 60/73 kB
Progress (4): 1.0/4.2 MB | 185/920 kB | 126/139 kB | 60/73 kB
Progress (4): 1.0/4.2 MB | 190/920 kB | 126/139 kB | 60/73 kB
Progress (4): 1.0/4.2 MB | 194/920 kB | 126/139 kB | 60/73 kB
Progress (4): 1.0/4.2 MB | 198/920 kB | 126/139 kB | 60/73 kB
Progress (4): 1.0/4.2 MB | 202/920 kB | 126/139 kB | 60/73 kB
Progress (4): 1.0/4.2 MB | 207/920 kB | 126/139 kB | 60/73 kB
Progress (4): 1.0/4.2 MB | 211/920 kB | 126/139 kB | 60/73 kB
Progress (4): 1.0/4.2 MB | 215/920 kB | 126/139 kB | 60/73 kB
Progress (4): 1.0/4.2 MB | 219/920 kB | 126/139 kB | 60/73 kB
Progress (4): 1.0/4.2 MB | 224/920 kB | 126/139 kB | 60/73 kB
Progress (4): 1.0/4.2 MB | 233/920 kB | 126/139 kB | 60/73 kB
Progress (4): 1.0/4.2 MB | 240/920 kB | 126/139 kB | 60/73 kB
Progress (4): 1.0/4.2 MB | 256/920 kB | 126/139 kB | 60/73 kB
Progress (5): 1.0/4.2 MB | 256/920 kB | 126/139 kB | 60/73 kB | 3.8/26 kB
Progress (5): 1.0/4.2 MB | 256/920 kB | 126/139 kB | 60/73 kB | 8.0/26 kB
Progress (5): 1.0/4.2 MB | 256/920 kB | 126/139 kB | 60/73 kB | 11/26 kB 
Progress (5): 1.0/4.2 MB | 256/920 kB | 126/139 kB | 60/73 kB | 16/26 kB
Progress (5): 1.0/4.2 MB | 256/920 kB | 126/139 kB | 60/73 kB | 20/26 kB
Progress (5): 1.0/4.2 MB | 256/920 kB | 126/139 kB | 60/73 kB | 24/26 kB
Progress (5): 1.0/4.2 MB | 256/920 kB | 126/139 kB | 60/73 kB | 26 kB   
Progress (5): 1.0/4.2 MB | 256/920 kB | 126/139 kB | 64/73 kB | 26 kB
Progress (5): 1.0/4.2 MB | 256/920 kB | 126/139 kB | 68/73 kB | 26 kB
                                                                     
Downloaded from central: https://repo.maven.apache.org/maven2/com/sun/istack/istack-commons-runtime/4.1.2/istack-commons-runtime-4.1.2.jar (26 kB at 29 kB/s)
#14 21.82 Downloading from central: https://repo.maven.apache.org/maven2/io/netty/netty-common/4.1.104.Final/netty-common-4.1.104.Final.jar
#14 21.83 Progress (4): 1.0/4.2 MB | 256/920 kB | 126/139 kB | 72/73 kB
Progress (4): 1.0/4.2 MB | 256/920 kB | 126/139 kB | 73 kB   
                                                          
Downloaded from central: https://repo.maven.apache.org/maven2/org/glassfish/jaxb/txw2/4.0.4/txw2-4.0.4.jar (73 kB at 80 kB/s)
#14 21.83 Downloading from central: https://repo.maven.apache.org/maven2/io/netty/netty-handler/4.1.104.Final/netty-handler-4.1.104.Final.jar
#14 21.83 Progress (3): 1.0/4.2 MB | 256/920 kB | 126/139 kB
Progress (3): 1.0/4.2 MB | 256/920 kB | 126/139 kB
Progress (3): 1.1/4.2 MB | 256/920 kB | 126/139 kB
Progress (3): 1.1/4.2 MB | 256/920 kB | 126/139 kB
Progress (3): 1.1/4.2 MB | 256/920 kB | 126/139 kB
Progress (3): 1.1/4.2 MB | 256/920 kB | 126/139 kB
Progress (3): 1.1/4.2 MB | 256/920 kB | 126/139 kB
Progress (3): 1.1/4.2 MB | 256/920 kB | 126/139 kB
Progress (3): 1.1/4.2 MB | 256/920 kB | 126/139 kB
Progress (3): 1.2/4.2 MB | 256/920 kB | 126/139 kB
Progress (3): 1.2/4.2 MB | 256/920 kB | 126/139 kB
Progress (3): 1.2/4.2 MB | 256/920 kB | 126/139 kB
Progress (3): 1.2/4.2 MB | 256/920 kB | 131/139 kB
Progress (3): 1.2/4.2 MB | 256/920 kB | 131/139 kB
Progress (3): 1.2/4.2 MB | 256/920 kB | 135/139 kB
Progress (3): 1.2/4.2 MB | 256/920 kB | 135/139 kB
Progress (3): 1.2/4.2 MB | 256/920 kB | 135/139 kB
Progress (3): 1.3/4.2 MB | 256/920 kB | 135/139 kB
Progress (3): 1.3/4.2 MB | 256/920 kB | 135/139 kB
Progress (3): 1.3/4.2 MB | 256/920 kB | 135/139 kB
Progress (3): 1.3/4.2 MB | 256/920 kB | 135/139 kB
Progress (3): 1.3/4.2 MB | 256/920 kB | 135/139 kB
Progress (3): 1.3/4.2 MB | 256/920 kB | 135/139 kB
Progress (3): 1.3/4.2 MB | 256/920 kB | 139 kB    
Progress (3): 1.4/4.2 MB | 256/920 kB | 139 kB
                                              
Downloaded from central: https://repo.maven.apache.org/maven2/org/glassfish/jaxb/jaxb-core/4.0.4/jaxb-core-4.0.4.jar (139 kB at 147 kB/s)
#14 21.86 Downloading from central: https://repo.maven.apache.org/maven2/io/netty/netty-resolver/4.1.104.Final/netty-resolver-4.1.104.Final.jar
#14 21.86 Progress (2): 1.4/4.2 MB | 256/920 kB
Progress (2): 1.4/4.2 MB | 256/920 kB
Progress (2): 1.4/4.2 MB | 256/920 kB
Progress (2): 1.4/4.2 MB | 256/920 kB
Progress (2): 1.4/4.2 MB | 256/920 kB
Progress (2): 1.5/4.2 MB | 256/920 kB
Progress (2): 1.5/4.2 MB | 256/920 kB
Progress (2): 1.5/4.2 MB | 256/920 kB
Progress (2): 1.5/4.2 MB | 256/920 kB
Progress (2): 1.5/4.2 MB | 256/920 kB
Progress (2): 1.5/4.2 MB | 256/920 kB
Progress (2): 1.6/4.2 MB | 256/920 kB
Progress (2): 1.6/4.2 MB | 256/920 kB
Progress (2): 1.6/4.2 MB | 256/920 kB
Progress (2): 1.6/4.2 MB | 256/920 kB
Progress (2): 1.6/4.2 MB | 256/920 kB
Progress (2): 1.6/4.2 MB | 273/920 kB
Progress (2): 1.6/4.2 MB | 289/920 kB
Progress (2): 1.6/4.2 MB | 305/920 kB
Progress (2): 1.6/4.2 MB | 322/920 kB
Progress (2): 1.6/4.2 MB | 338/920 kB
Progress (2): 1.6/4.2 MB | 355/920 kB
Progress (2): 1.6/4.2 MB | 364/920 kB
Progress (2): 1.6/4.2 MB | 381/920 kB
Progress (2): 1.6/4.2 MB | 397/920 kB
Progress (2): 1.6/4.2 MB | 413/920 kB
Progress (2): 1.6/4.2 MB | 430/920 kB
Progress (2): 1.6/4.2 MB | 446/920 kB
Progress (2): 1.6/4.2 MB | 463/920 kB
Progress (2): 1.6/4.2 MB | 463/920 kB
Progress (2): 1.6/4.2 MB | 479/920 kB
Progress (2): 1.6/4.2 MB | 495/920 kB
Progress (2): 1.6/4.2 MB | 512/920 kB
Progress (3): 1.6/4.2 MB | 512/920 kB | 3.8/661 kB
Progress (3): 1.6/4.2 MB | 512/920 kB | 8.0/661 kB
Progress (3): 1.6/4.2 MB | 512/920 kB | 12/661 kB 
Progress (3): 1.6/4.2 MB | 512/920 kB | 16/661 kB
Progress (3): 1.6/4.2 MB | 512/920 kB | 21/661 kB
Progress (3): 1.6/4.2 MB | 512/920 kB | 25/661 kB
Progress (3): 1.6/4.2 MB | 512/920 kB | 29/661 kB
Progress (3): 1.6/4.2 MB | 512/920 kB | 33/661 kB
Progress (3): 1.6/4.2 MB | 512/920 kB | 38/661 kB
Progress (3): 1.6/4.2 MB | 512/920 kB | 42/661 kB
Progress (3): 1.6/4.2 MB | 512/920 kB | 46/661 kB
Progress (3): 1.6/4.2 MB | 512/920 kB | 50/661 kB
Progress (3): 1.6/4.2 MB | 512/920 kB | 53/661 kB
Progress (3): 1.6/4.2 MB | 512/920 kB | 57/661 kB
Progress (3): 1.6/4.2 MB | 512/920 kB | 62/661 kB
Progress (3): 1.6/4.2 MB | 512/920 kB | 66/661 kB
Progress (3): 1.6/4.2 MB | 512/920 kB | 70/661 kB
Progress (3): 1.6/4.2 MB | 512/920 kB | 74/661 kB
Progress (3): 1.6/4.2 MB | 512/920 kB | 78/661 kB
Progress (3): 1.6/4.2 MB | 512/920 kB | 83/661 kB
Progress (3): 1.6/4.2 MB | 512/920 kB | 87/661 kB
Progress (3): 1.6/4.2 MB | 512/920 kB | 91/661 kB
Progress (3): 1.6/4.2 MB | 512/920 kB | 95/661 kB
Progress (3): 1.6/4.2 MB | 512/920 kB | 100/661 kB
Progress (3): 1.6/4.2 MB | 512/920 kB | 104/661 kB
Progress (3): 1.6/4.2 MB | 512/920 kB | 108/661 kB
Progress (3): 1.6/4.2 MB | 512/920 kB | 112/661 kB
Progress (3): 1.6/4.2 MB | 512/920 kB | 116/661 kB
Progress (3): 1.6/4.2 MB | 512/920 kB | 121/661 kB
Progress (4): 1.6/4.2 MB | 512/920 kB | 121/661 kB | 3.2/561 kB
Progress (4): 1.6/4.2 MB | 512/920 kB | 121/661 kB | 7.4/561 kB
Progress (4): 1.6/4.2 MB | 512/920 kB | 121/661 kB | 12/561 kB 
Progress (4): 1.6/4.2 MB | 512/920 kB | 121/661 kB | 16/561 kB
Progress (4): 1.6/4.2 MB | 512/920 kB | 121/661 kB | 20/561 kB
Progress (4): 1.6/4.2 MB | 512/920 kB | 121/661 kB | 24/561 kB
Progress (4): 1.6/4.2 MB | 512/920 kB | 121/661 kB | 29/561 kB
Progress (4): 1.6/4.2 MB | 512/920 kB | 121/661 kB | 33/561 kB
Progress (4): 1.6/4.2 MB | 512/920 kB | 121/661 kB | 37/561 kB
Progress (4): 1.6/4.2 MB | 512/920 kB | 121/661 kB | 41/561 kB
Progress (4): 1.6/4.2 MB | 512/920 kB | 121/661 kB | 46/561 kB
Progress (4): 1.6/4.2 MB | 512/920 kB | 121/661 kB | 50/561 kB
Progress (4): 1.6/4.2 MB | 512/920 kB | 121/661 kB | 54/561 kB
Progress (4): 1.6/4.2 MB | 512/920 kB | 121/661 kB | 58/561 kB
Progress (4): 1.6/4.2 MB | 512/920 kB | 121/661 kB | 61/561 kB
Progress (4): 1.6/4.2 MB | 512/920 kB | 121/661 kB | 65/561 kB
Progress (4): 1.6/4.2 MB | 512/920 kB | 121/661 kB | 69/561 kB
Progress (4): 1.6/4.2 MB | 512/920 kB | 121/661 kB | 73/561 kB
Progress (4): 1.6/4.2 MB | 512/920 kB | 121/661 kB | 77/561 kB
Progress (4): 1.6/4.2 MB | 512/920 kB | 121/661 kB | 82/561 kB
Progress (4): 1.6/4.2 MB | 512/920 kB | 121/661 kB | 86/561 kB
Progress (4): 1.6/4.2 MB | 512/920 kB | 121/661 kB | 90/561 kB
Progress (4): 1.6/4.2 MB | 512/920 kB | 121/661 kB | 94/561 kB
Progress (4): 1.6/4.2 MB | 512/920 kB | 121/661 kB | 99/561 kB
Progress (4): 1.6/4.2 MB | 512/920 kB | 121/661 kB | 103/561 kB
Progress (4): 1.6/4.2 MB | 512/920 kB | 121/661 kB | 107/561 kB
Progress (5): 1.6/4.2 MB | 512/920 kB | 121/661 kB | 107/561 kB | 3.8/38 kB
Progress (5): 1.6/4.2 MB | 512/920 kB | 121/661 kB | 107/561 kB | 8.0/38 kB
Progress (5): 1.6/4.2 MB | 512/920 kB | 121/661 kB | 111/561 kB | 8.0/38 kB
Progress (5): 1.6/4.2 MB | 512/920 kB | 121/661 kB | 111/561 kB | 12/38 kB 
Progress (5): 1.6/4.2 MB | 512/920 kB | 121/661 kB | 111/561 kB | 16/38 kB
Progress (5): 1.6/4.2 MB | 512/920 kB | 121/661 kB | 116/561 kB | 16/38 kB
Progress (5): 1.6/4.2 MB | 512/920 kB | 121/661 kB | 116/561 kB | 21/38 kB
Progress (5): 1.6/4.2 MB | 512/920 kB | 121/661 kB | 116/561 kB | 25/38 kB
Progress (5): 1.6/4.2 MB | 512/920 kB | 121/661 kB | 116/561 kB | 29/38 kB
Progress (5): 1.6/4.2 MB | 512/920 kB | 121/661 kB | 116/561 kB | 33/38 kB
Progress (5): 1.6/4.2 MB | 512/920 kB | 121/661 kB | 116/561 kB | 37/38 kB
Progress (5): 1.6/4.2 MB | 512/920 kB | 121/661 kB | 116/561 kB | 38 kB   
                                                                       
Downloaded from central: https://repo.maven.apache.org/maven2/io/netty/netty-resolver/4.1.104.Final/netty-resolver-4.1.104.Final.jar (38 kB at 29 kB/s)
#14 22.24 Downloading from central: https://repo.maven.apache.org/maven2/io/netty/netty-buffer/4.1.104.Final/netty-buffer-4.1.104.Final.jar
#14 22.25 Progress (4): 1.6/4.2 MB | 528/920 kB | 121/661 kB | 116/561 kB
Progress (4): 1.6/4.2 MB | 544/920 kB | 121/661 kB | 116/561 kB
Progress (4): 1.6/4.2 MB | 561/920 kB | 121/661 kB | 116/561 kB
Progress (4): 1.6/4.2 MB | 577/920 kB | 121/661 kB | 116/561 kB
Progress (4): 1.6/4.2 MB | 594/920 kB | 121/661 kB | 116/561 kB
Progress (4): 1.6/4.2 MB | 610/920 kB | 121/661 kB | 116/561 kB
Progress (4): 1.6/4.2 MB | 626/920 kB | 121/661 kB | 116/561 kB
Progress (4): 1.6/4.2 MB | 643/920 kB | 121/661 kB | 116/561 kB
Progress (4): 1.6/4.2 MB | 659/920 kB | 121/661 kB | 116/561 kB
Progress (4): 1.6/4.2 MB | 676/920 kB | 121/661 kB | 116/561 kB
Progress (4): 1.6/4.2 MB | 692/920 kB | 121/661 kB | 116/561 kB
Progress (4): 1.6/4.2 MB | 708/920 kB | 121/661 kB | 116/561 kB
Progress (4): 1.6/4.2 MB | 725/920 kB | 121/661 kB | 116/561 kB
Progress (4): 1.6/4.2 MB | 741/920 kB | 121/661 kB | 116/561 kB
Progress (4): 1.6/4.2 MB | 757/920 kB | 121/661 kB | 116/561 kB
Progress (4): 1.6/4.2 MB | 774/920 kB | 121/661 kB | 116/561 kB
Progress (4): 1.6/4.2 MB | 790/920 kB | 121/661 kB | 116/561 kB
Progress (4): 1.6/4.2 MB | 807/920 kB | 121/661 kB | 116/561 kB
Progress (4): 1.6/4.2 MB | 823/920 kB | 121/661 kB | 116/561 kB
Progress (4): 1.6/4.2 MB | 839/920 kB | 121/661 kB | 116/561 kB
Progress (4): 1.7/4.2 MB | 839/920 kB | 121/661 kB | 116/561 kB
Progress (4): 1.7/4.2 MB | 839/920 kB | 121/661 kB | 116/561 kB
Progress (4): 1.7/4.2 MB | 839/920 kB | 121/661 kB | 116/561 kB
Progress (4): 1.7/4.2 MB | 839/920 kB | 121/661 kB | 116/561 kB
Progress (4): 1.7/4.2 MB | 839/920 kB | 121/661 kB | 116/561 kB
Progress (4): 1.7/4.2 MB | 839/920 kB | 121/661 kB | 116/561 kB
Progress (4): 1.8/4.2 MB | 839/920 kB | 121/661 kB | 116/561 kB
Progress (4): 1.8/4.2 MB | 839/920 kB | 121/661 kB | 116/561 kB
Progress (4): 1.8/4.2 MB | 839/920 kB | 121/661 kB | 116/561 kB
Progress (4): 1.8/4.2 MB | 839/920 kB | 121/661 kB | 116/561 kB
Progress (4): 1.8/4.2 MB | 839/920 kB | 121/661 kB | 116/561 kB
Progress (4): 1.8/4.2 MB | 839/920 kB | 121/661 kB | 116/561 kB
Progress (4): 1.9/4.2 MB | 839/920 kB | 121/661 kB | 116/561 kB
Progress (4): 1.9/4.2 MB | 839/920 kB | 121/661 kB | 116/561 kB
Progress (4): 1.9/4.2 MB | 839/920 kB | 121/661 kB | 116/561 kB
Progress (4): 1.9/4.2 MB | 839/920 kB | 137/661 kB | 116/561 kB
Progress (4): 1.9/4.2 MB | 839/920 kB | 137/661 kB | 116/561 kB
Progress (4): 1.9/4.2 MB | 839/920 kB | 137/661 kB | 116/561 kB
Progress (4): 1.9/4.2 MB | 839/920 kB | 153/661 kB | 116/561 kB
Progress (4): 1.9/4.2 MB | 839/920 kB | 153/661 kB | 116/561 kB
Progress (4): 1.9/4.2 MB | 839/920 kB | 170/661 kB | 116/561 kB
Progress (4): 2.0/4.2 MB | 839/920 kB | 170/661 kB | 116/561 kB
Progress (4): 2.0/4.2 MB | 839/920 kB | 184/661 kB | 116/561 kB
Progress (4): 2.0/4.2 MB | 839/920 kB | 184/661 kB | 116/561 kB
Progress (4): 2.0/4.2 MB | 839/920 kB | 200/661 kB | 116/561 kB
Progress (4): 2.0/4.2 MB | 839/920 kB | 200/661 kB | 116/561 kB
Progress (4): 2.0/4.2 MB | 839/920 kB | 200/661 kB | 116/561 kB
Progress (4): 2.0/4.2 MB | 839/920 kB | 200/661 kB | 132/561 kB
Progress (4): 2.0/4.2 MB | 839/920 kB | 200/661 kB | 148/561 kB
Progress (4): 2.0/4.2 MB | 839/920 kB | 200/661 kB | 165/561 kB
Progress (4): 2.0/4.2 MB | 839/920 kB | 200/661 kB | 181/561 kB
Progress (4): 2.0/4.2 MB | 839/920 kB | 200/661 kB | 192/561 kB
Progress (4): 2.0/4.2 MB | 839/920 kB | 200/661 kB | 208/561 kB
Progress (4): 2.0/4.2 MB | 839/920 kB | 200/661 kB | 224/561 kB
Progress (4): 2.0/4.2 MB | 839/920 kB | 200/661 kB | 241/561 kB
Progress (4): 2.0/4.2 MB | 839/920 kB | 200/661 kB | 257/561 kB
Progress (4): 2.0/4.2 MB | 839/920 kB | 200/661 kB | 274/561 kB
Progress (4): 2.0/4.2 MB | 839/920 kB | 200/661 kB | 290/561 kB
Progress (4): 2.0/4.2 MB | 839/920 kB | 200/661 kB | 306/561 kB
Progress (4): 2.0/4.2 MB | 839/920 kB | 200/661 kB | 323/561 kB
Progress (4): 2.0/4.2 MB | 839/920 kB | 200/661 kB | 339/561 kB
Progress (4): 2.0/4.2 MB | 839/920 kB | 200/661 kB | 355/561 kB
Progress (4): 2.0/4.2 MB | 839/920 kB | 200/661 kB | 372/561 kB
Progress (4): 2.0/4.2 MB | 839/920 kB | 200/661 kB | 372/561 kB
Progress (4): 2.0/4.2 MB | 839/920 kB | 200/661 kB | 388/561 kB
Progress (4): 2.0/4.2 MB | 839/920 kB | 200/661 kB | 388/561 kB
Progress (4): 2.1/4.2 MB | 839/920 kB | 200/661 kB | 388/561 kB
Progress (4): 2.1/4.2 MB | 856/920 kB | 200/661 kB | 388/561 kB
Progress (4): 2.1/4.2 MB | 872/920 kB | 200/661 kB | 388/561 kB
Progress (4): 2.1/4.2 MB | 889/920 kB | 200/661 kB | 388/561 kB
Progress (4): 2.1/4.2 MB | 889/920 kB | 200/661 kB | 388/561 kB
Progress (4): 2.1/4.2 MB | 905/920 kB | 200/661 kB | 388/561 kB
Progress (4): 2.1/4.2 MB | 905/920 kB | 200/661 kB | 388/561 kB
Progress (4): 2.1/4.2 MB | 920 kB | 200/661 kB | 388/561 kB    
                                                           
Downloaded from central: https://repo.maven.apache.org/maven2/org/glassfish/jaxb/jaxb-runtime/4.0.4/jaxb-runtime-4.0.4.jar (920 kB at 518 kB/s)
#14 22.69 Downloading from central: https://repo.maven.apache.org/maven2/io/netty/netty-transport-native-unix-common/4.1.104.Final/netty-transport-native-unix-common-4.1.104.Final.jar
#14 22.71 Progress (4): 2.1/4.2 MB | 200/661 kB | 388/561 kB | 3.8/308 kB
Progress (4): 2.1/4.2 MB | 200/661 kB | 388/561 kB | 8.0/308 kB
Progress (4): 2.1/4.2 MB | 200/661 kB | 388/561 kB | 12/308 kB 
Progress (4): 2.1/4.2 MB | 200/661 kB | 388/561 kB | 16/308 kB
Progress (4): 2.1/4.2 MB | 200/661 kB | 388/561 kB | 21/308 kB
Progress (4): 2.1/4.2 MB | 200/661 kB | 388/561 kB | 25/308 kB
Progress (4): 2.1/4.2 MB | 200/661 kB | 388/561 kB | 29/308 kB
Progress (4): 2.1/4.2 MB | 200/661 kB | 388/561 kB | 33/308 kB
Progress (4): 2.1/4.2 MB | 200/661 kB | 388/561 kB | 37/308 kB
Progress (4): 2.1/4.2 MB | 200/661 kB | 388/561 kB | 41/308 kB
Progress (4): 2.1/4.2 MB | 200/661 kB | 388/561 kB | 41/308 kB
Progress (4): 2.1/4.2 MB | 200/661 kB | 388/561 kB | 58/308 kB
Progress (4): 2.1/4.2 MB | 200/661 kB | 388/561 kB | 74/308 kB
Progress (4): 2.1/4.2 MB | 200/661 kB | 388/561 kB | 91/308 kB
Progress (4): 2.1/4.2 MB | 200/661 kB | 388/561 kB | 107/308 kB
Progress (4): 2.1/4.2 MB | 200/661 kB | 388/561 kB | 123/308 kB
Progress (4): 2.1/4.2 MB | 200/661 kB | 388/561 kB | 123/308 kB
Progress (4): 2.1/4.2 MB | 200/661 kB | 388/561 kB | 123/308 kB
Progress (4): 2.1/4.2 MB | 200/661 kB | 388/561 kB | 123/308 kB
Progress (4): 2.2/4.2 MB | 200/661 kB | 388/561 kB | 123/308 kB
Progress (4): 2.2/4.2 MB | 200/661 kB | 388/561 kB | 123/308 kB
Progress (4): 2.2/4.2 MB | 200/661 kB | 388/561 kB | 123/308 kB
Progress (4): 2.2/4.2 MB | 200/661 kB | 388/561 kB | 123/308 kB
Progress (4): 2.2/4.2 MB | 200/661 kB | 388/561 kB | 123/308 kB
Progress (4): 2.2/4.2 MB | 200/661 kB | 388/561 kB | 123/308 kB
Progress (4): 2.3/4.2 MB | 200/661 kB | 388/561 kB | 123/308 kB
Progress (4): 2.3/4.2 MB | 200/661 kB | 388/561 kB | 123/308 kB
Progress (4): 2.3/4.2 MB | 217/661 kB | 388/561 kB | 123/308 kB
Progress (4): 2.3/4.2 MB | 233/661 kB | 388/561 kB | 123/308 kB
Progress (4): 2.3/4.2 MB | 250/661 kB | 388/561 kB | 123/308 kB
Progress (4): 2.3/4.2 MB | 266/661 kB | 388/561 kB | 123/308 kB
Progress (4): 2.3/4.2 MB | 282/661 kB | 388/561 kB | 123/308 kB
Progress (4): 2.3/4.2 MB | 282/661 kB | 388/561 kB | 123/308 kB
Progress (4): 2.3/4.2 MB | 299/661 kB | 388/561 kB | 123/308 kB
Progress (4): 2.3/4.2 MB | 315/661 kB | 388/561 kB | 123/308 kB
Progress (4): 2.3/4.2 MB | 332/661 kB | 388/561 kB | 123/308 kB
Progress (4): 2.3/4.2 MB | 348/661 kB | 388/561 kB | 123/308 kB
Progress (4): 2.3/4.2 MB | 364/661 kB | 388/561 kB | 123/308 kB
Progress (4): 2.3/4.2 MB | 381/661 kB | 388/561 kB | 123/308 kB
Progress (4): 2.3/4.2 MB | 397/661 kB | 388/561 kB | 123/308 kB
Progress (4): 2.3/4.2 MB | 413/661 kB | 388/561 kB | 123/308 kB
Progress (4): 2.3/4.2 MB | 430/661 kB | 388/561 kB | 123/308 kB
Progress (4): 2.3/4.2 MB | 446/661 kB | 388/561 kB | 123/308 kB
Progress (4): 2.3/4.2 MB | 463/661 kB | 388/561 kB | 123/308 kB
Progress (4): 2.3/4.2 MB | 463/661 kB | 405/561 kB | 123/308 kB
Progress (4): 2.3/4.2 MB | 463/661 kB | 421/561 kB | 123/308 kB
Progress (4): 2.3/4.2 MB | 463/661 kB | 437/561 kB | 123/308 kB
Progress (4): 2.3/4.2 MB | 463/661 kB | 454/561 kB | 123/308 kB
Progress (4): 2.3/4.2 MB | 463/661 kB | 470/561 kB | 123/308 kB
Progress (4): 2.3/4.2 MB | 463/661 kB | 487/561 kB | 123/308 kB
Progress (4): 2.3/4.2 MB | 463/661 kB | 503/561 kB | 123/308 kB
Progress (4): 2.3/4.2 MB | 463/661 kB | 519/561 kB | 123/308 kB
Progress (4): 2.3/4.2 MB | 463/661 kB | 536/561 kB | 123/308 kB
Progress (4): 2.3/4.2 MB | 463/661 kB | 552/561 kB | 123/308 kB
Progress (4): 2.3/4.2 MB | 463/661 kB | 561 kB | 123/308 kB    
                                                           
Downloaded from central: https://repo.maven.apache.org/maven2/io/netty/netty-handler/4.1.104.Final/netty-handler-4.1.104.Final.jar (561 kB at 276 kB/s)
#14 22.96 Downloading from central: https://repo.maven.apache.org/maven2/io/netty/netty-codec/4.1.104.Final/netty-codec-4.1.104.Final.jar
#14 22.98 Progress (3): 2.3/4.2 MB | 463/661 kB | 139/308 kB
Progress (3): 2.3/4.2 MB | 463/661 kB | 156/308 kB
Progress (3): 2.3/4.2 MB | 463/661 kB | 172/308 kB
Progress (3): 2.3/4.2 MB | 463/661 kB | 188/308 kB
Progress (4): 2.3/4.2 MB | 463/661 kB | 188/308 kB | 7.7/44 kB
Progress (4): 2.3/4.2 MB | 463/661 kB | 188/308 kB | 16/44 kB 
Progress (4): 2.3/4.2 MB | 463/661 kB | 188/308 kB | 25/44 kB
Progress (4): 2.3/4.2 MB | 463/661 kB | 188/308 kB | 41/44 kB
Progress (4): 2.3/4.2 MB | 463/661 kB | 188/308 kB | 44 kB   
                                                          
Downloaded from central: https://repo.maven.apache.org/maven2/io/netty/netty-transport-native-unix-common/4.1.104.Final/netty-transport-native-unix-common-4.1.104.Final.jar (44 kB at 21 kB/s)
#14 23.03 Downloading from central: https://repo.maven.apache.org/maven2/io/netty/netty-transport/4.1.104.Final/netty-transport-4.1.104.Final.jar
#14 23.04 Progress (3): 2.3/4.2 MB | 463/661 kB | 205/308 kB
Progress (3): 2.3/4.2 MB | 463/661 kB | 221/308 kB
Progress (3): 2.3/4.2 MB | 463/661 kB | 238/308 kB
Progress (3): 2.3/4.2 MB | 463/661 kB | 254/308 kB
Progress (3): 2.3/4.2 MB | 463/661 kB | 270/308 kB
Progress (3): 2.3/4.2 MB | 463/661 kB | 287/308 kB
Progress (3): 2.3/4.2 MB | 463/661 kB | 303/308 kB
Progress (3): 2.3/4.2 MB | 463/661 kB | 308 kB    
                                              
Downloaded from central: https://repo.maven.apache.org/maven2/io/netty/netty-buffer/4.1.104.Final/netty-buffer-4.1.104.Final.jar (308 kB at 143 kB/s)
#14 23.07 Downloading from central: https://repo.maven.apache.org/maven2/io/projectreactor/reactor-core/3.6.1/reactor-core-3.6.1.jar
#14 23.12 Progress (2): 2.3/4.2 MB | 479/661 kB
Progress (2): 2.3/4.2 MB | 495/661 kB
Progress (2): 2.3/4.2 MB | 512/661 kB
Progress (2): 2.3/4.2 MB | 528/661 kB
Progress (2): 2.3/4.2 MB | 545/661 kB
Progress (2): 2.3/4.2 MB | 561/661 kB
Progress (2): 2.3/4.2 MB | 577/661 kB
Progress (2): 2.3/4.2 MB | 594/661 kB
Progress (2): 2.3/4.2 MB | 610/661 kB
Progress (2): 2.3/4.2 MB | 626/661 kB
Progress (2): 2.3/4.2 MB | 643/661 kB
Progress (2): 2.3/4.2 MB | 659/661 kB
Progress (2): 2.3/4.2 MB | 659/661 kB
Progress (2): 2.3/4.2 MB | 661 kB    
Progress (2): 2.3/4.2 MB | 661 kB
Progress (2): 2.3/4.2 MB | 661 kB
                                 
Downloaded from central: https://repo.maven.apache.org/maven2/io/netty/netty-common/4.1.104.Final/netty-common-4.1.104.Final.jar (661 kB at 288 kB/s)
#14 23.21 Downloading from central: https://repo.maven.apache.org/maven2/net/bytebuddy/byte-buddy-agent/1.14.10/byte-buddy-agent-1.14.10.jar
#14 23.21 Progress (1): 2.4/4.2 MB
Progress (1): 2.4/4.2 MB
Progress (1): 2.4/4.2 MB
Progress (1): 2.4/4.2 MB
Progress (1): 2.4/4.2 MB
Progress (1): 2.4/4.2 MB
Progress (1): 2.5/4.2 MB
Progress (1): 2.5/4.2 MB
Progress (1): 2.5/4.2 MB
Progress (1): 2.5/4.2 MB
Progress (1): 2.5/4.2 MB
Progress (1): 2.5/4.2 MB
Progress (1): 2.6/4.2 MB
Progress (1): 2.6/4.2 MB
Progress (1): 2.6/4.2 MB
Progress (2): 2.6/4.2 MB | 7.7/345 kB
Progress (2): 2.6/4.2 MB | 11/345 kB 
Progress (2): 2.6/4.2 MB | 11/345 kB
Progress (2): 2.6/4.2 MB | 28/345 kB
Progress (2): 2.6/4.2 MB | 44/345 kB
Progress (2): 2.6/4.2 MB | 61/345 kB
Progress (2): 2.6/4.2 MB | 77/345 kB
Progress (2): 2.6/4.2 MB | 93/345 kB
Progress (2): 2.6/4.2 MB | 93/345 kB
Progress (2): 2.6/4.2 MB | 93/345 kB
Progress (2): 2.7/4.2 MB | 93/345 kB
Progress (3): 2.7/4.2 MB | 93/345 kB | 4.1/497 kB
Progress (3): 2.7/4.2 MB | 93/345 kB | 20/497 kB 
Progress (3): 2.7/4.2 MB | 93/345 kB | 37/497 kB
Progress (3): 2.7/4.2 MB | 93/345 kB | 53/497 kB
Progress (3): 2.7/4.2 MB | 93/345 kB | 70/497 kB
Progress (3): 2.7/4.2 MB | 93/345 kB | 86/497 kB
Progress (3): 2.7/4.2 MB | 93/345 kB | 102/497 kB
Progress (3): 2.7/4.2 MB | 93/345 kB | 119/497 kB
Progress (3): 2.7/4.2 MB | 93/345 kB | 135/497 kB
Progress (3): 2.7/4.2 MB | 93/345 kB | 152/497 kB
Progress (3): 2.7/4.2 MB | 93/345 kB | 168/497 kB
Progress (3): 2.7/4.2 MB | 93/345 kB | 184/497 kB
Progress (3): 2.7/4.2 MB | 93/345 kB | 201/497 kB
Progress (3): 2.7/4.2 MB | 93/345 kB | 213/497 kB
Progress (3): 2.7/4.2 MB | 93/345 kB | 229/497 kB
Progress (3): 2.7/4.2 MB | 93/345 kB | 238/497 kB
Progress (3): 2.7/4.2 MB | 93/345 kB | 254/497 kB
Progress (3): 2.7/4.2 MB | 93/345 kB | 262/497 kB
Progress (3): 2.7/4.2 MB | 93/345 kB | 270/497 kB
Progress (3): 2.7/4.2 MB | 93/345 kB | 287/497 kB
Progress (3): 2.7/4.2 MB | 93/345 kB | 303/497 kB
Progress (3): 2.7/4.2 MB | 93/345 kB | 303/497 kB
Progress (3): 2.7/4.2 MB | 93/345 kB | 319/497 kB
Progress (3): 2.7/4.2 MB | 93/345 kB | 319/497 kB
Progress (4): 2.7/4.2 MB | 93/345 kB | 319/497 kB | 0/1.9 MB
Progress (4): 2.7/4.2 MB | 93/345 kB | 319/497 kB | 0/1.9 MB
Progress (4): 2.7/4.2 MB | 93/345 kB | 319/497 kB | 0/1.9 MB
Progress (4): 2.7/4.2 MB | 93/345 kB | 319/497 kB | 0/1.9 MB
Progress (4): 2.7/4.2 MB | 93/345 kB | 319/497 kB | 0/1.9 MB
Progress (4): 2.7/4.2 MB | 93/345 kB | 319/497 kB | 0.1/1.9 MB
Progress (4): 2.7/4.2 MB | 93/345 kB | 319/497 kB | 0.1/1.9 MB
Progress (4): 2.7/4.2 MB | 93/345 kB | 319/497 kB | 0.1/1.9 MB
Progress (4): 2.7/4.2 MB | 93/345 kB | 319/497 kB | 0.1/1.9 MB
Progress (4): 2.7/4.2 MB | 93/345 kB | 319/497 kB | 0.1/1.9 MB
Progress (4): 2.7/4.2 MB | 93/345 kB | 319/497 kB | 0.1/1.9 MB
Progress (4): 2.7/4.2 MB | 93/345 kB | 319/497 kB | 0.2/1.9 MB
Progress (4): 2.7/4.2 MB | 93/345 kB | 319/497 kB | 0.2/1.9 MB
Progress (4): 2.7/4.2 MB | 93/345 kB | 319/497 kB | 0.2/1.9 MB
Progress (4): 2.7/4.2 MB | 93/345 kB | 319/497 kB | 0.2/1.9 MB
Progress (4): 2.7/4.2 MB | 93/345 kB | 319/497 kB | 0.2/1.9 MB
Progress (4): 2.7/4.2 MB | 93/345 kB | 319/497 kB | 0.2/1.9 MB
Progress (4): 2.7/4.2 MB | 93/345 kB | 319/497 kB | 0.3/1.9 MB
Progress (5): 2.7/4.2 MB | 93/345 kB | 319/497 kB | 0.3/1.9 MB | 7.7/257 kB
Progress (5): 2.7/4.2 MB | 93/345 kB | 319/497 kB | 0.3/1.9 MB | 11/257 kB 
Progress (5): 2.7/4.2 MB | 93/345 kB | 319/497 kB | 0.3/1.9 MB | 28/257 kB
Progress (5): 2.7/4.2 MB | 93/345 kB | 319/497 kB | 0.3/1.9 MB | 44/257 kB
Progress (5): 2.7/4.2 MB | 93/345 kB | 319/497 kB | 0.3/1.9 MB | 61/257 kB
Progress (5): 2.7/4.2 MB | 93/345 kB | 319/497 kB | 0.3/1.9 MB | 77/257 kB
Progress (5): 2.7/4.2 MB | 93/345 kB | 319/497 kB | 0.3/1.9 MB | 93/257 kB
Progress (5): 2.7/4.2 MB | 93/345 kB | 319/497 kB | 0.3/1.9 MB | 110/257 kB
Progress (5): 2.7/4.2 MB | 93/345 kB | 319/497 kB | 0.3/1.9 MB | 126/257 kB
Progress (5): 2.7/4.2 MB | 93/345 kB | 319/497 kB | 0.3/1.9 MB | 142/257 kB
Progress (5): 2.7/4.2 MB | 93/345 kB | 319/497 kB | 0.3/1.9 MB | 159/257 kB
Progress (5): 2.7/4.2 MB | 93/345 kB | 319/497 kB | 0.3/1.9 MB | 175/257 kB
Progress (5): 2.7/4.2 MB | 93/345 kB | 319/497 kB | 0.3/1.9 MB | 192/257 kB
Progress (5): 2.7/4.2 MB | 93/345 kB | 319/497 kB | 0.3/1.9 MB | 208/257 kB
Progress (5): 2.7/4.2 MB | 93/345 kB | 319/497 kB | 0.3/1.9 MB | 224/257 kB
Progress (5): 2.7/4.2 MB | 93/345 kB | 319/497 kB | 0.3/1.9 MB | 241/257 kB
Progress (5): 2.7/4.2 MB | 93/345 kB | 319/497 kB | 0.3/1.9 MB | 257 kB    
                                                                       
Downloaded from central: https://repo.maven.apache.org/maven2/net/bytebuddy/byte-buddy-agent/1.14.10/byte-buddy-agent-1.14.10.jar (257 kB at 88 kB/s)
#14 23.86 Progress (4): 2.7/4.2 MB | 110/345 kB | 319/497 kB | 0.3/1.9 MB
Progress (4): 2.7/4.2 MB | 126/345 kB | 319/497 kB | 0.3/1.9 MB
Progress (4): 2.7/4.2 MB | 142/345 kB | 319/497 kB | 0.3/1.9 MB
Progress (4): 2.7/4.2 MB | 159/345 kB | 319/497 kB | 0.3/1.9 MB
Progress (4): 2.7/4.2 MB | 175/345 kB | 319/497 kB | 0.3/1.9 MB
Progress (4): 2.7/4.2 MB | 192/345 kB | 319/497 kB | 0.3/1.9 MB
Progress (4): 2.7/4.2 MB | 208/345 kB | 319/497 kB | 0.3/1.9 MB
Progress (4): 2.7/4.2 MB | 224/345 kB | 319/497 kB | 0.3/1.9 MB
Progress (4): 2.7/4.2 MB | 241/345 kB | 319/497 kB | 0.3/1.9 MB
Progress (4): 2.7/4.2 MB | 257/345 kB | 319/497 kB | 0.3/1.9 MB
Progress (4): 2.7/4.2 MB | 274/345 kB | 319/497 kB | 0.3/1.9 MB
Progress (4): 2.7/4.2 MB | 290/345 kB | 319/497 kB | 0.3/1.9 MB
Progress (4): 2.7/4.2 MB | 306/345 kB | 319/497 kB | 0.3/1.9 MB
Progress (4): 2.7/4.2 MB | 323/345 kB | 319/497 kB | 0.3/1.9 MB
Progress (4): 2.7/4.2 MB | 339/345 kB | 319/497 kB | 0.3/1.9 MB
Progress (4): 2.7/4.2 MB | 345 kB | 319/497 kB | 0.3/1.9 MB    
                                                           
Downloaded from central: https://repo.maven.apache.org/maven2/io/netty/netty-codec/4.1.104.Final/netty-codec-4.1.104.Final.jar (345 kB at 116 kB/s)
#14 23.89 Progress (3): 2.7/4.2 MB | 336/497 kB | 0.3/1.9 MB
Progress (3): 2.7/4.2 MB | 352/497 kB | 0.3/1.9 MB
Progress (3): 2.7/4.2 MB | 369/497 kB | 0.3/1.9 MB
Progress (3): 2.7/4.2 MB | 385/497 kB | 0.3/1.9 MB
Progress (3): 2.7/4.2 MB | 393/497 kB | 0.3/1.9 MB
Progress (3): 2.7/4.2 MB | 410/497 kB | 0.3/1.9 MB
Progress (3): 2.7/4.2 MB | 426/497 kB | 0.3/1.9 MB
Progress (3): 2.7/4.2 MB | 442/497 kB | 0.3/1.9 MB
Progress (3): 2.7/4.2 MB | 459/497 kB | 0.3/1.9 MB
Progress (3): 2.7/4.2 MB | 475/497 kB | 0.3/1.9 MB
Progress (3): 2.7/4.2 MB | 492/497 kB | 0.3/1.9 MB
Progress (3): 2.7/4.2 MB | 497 kB | 0.3/1.9 MB    
                                              
Downloaded from central: https://repo.maven.apache.org/maven2/io/netty/netty-transport/4.1.104.Final/netty-transport-4.1.104.Final.jar (497 kB at 163 kB/s)
#14 23.97 Progress (2): 2.7/4.2 MB | 0.3/1.9 MB
Progress (2): 2.7/4.2 MB | 0.3/1.9 MB
Progress (2): 2.7/4.2 MB | 0.3/1.9 MB
Progress (2): 2.7/4.2 MB | 0.3/1.9 MB
Progress (2): 2.7/4.2 MB | 0.3/1.9 MB
Progress (2): 2.7/4.2 MB | 0.4/1.9 MB
Progress (2): 2.7/4.2 MB | 0.4/1.9 MB
Progress (2): 2.7/4.2 MB | 0.4/1.9 MB
Progress (2): 2.7/4.2 MB | 0.4/1.9 MB
Progress (2): 2.7/4.2 MB | 0.4/1.9 MB
Progress (2): 2.7/4.2 MB | 0.4/1.9 MB
Progress (2): 2.7/4.2 MB | 0.5/1.9 MB
Progress (2): 2.7/4.2 MB | 0.5/1.9 MB
Progress (2): 2.7/4.2 MB | 0.5/1.9 MB
Progress (2): 2.7/4.2 MB | 0.5/1.9 MB
Progress (2): 2.7/4.2 MB | 0.5/1.9 MB
Progress (2): 2.7/4.2 MB | 0.5/1.9 MB
Progress (2): 2.7/4.2 MB | 0.6/1.9 MB
Progress (2): 2.7/4.2 MB | 0.6/1.9 MB
Progress (2): 2.7/4.2 MB | 0.6/1.9 MB
Progress (2): 2.7/4.2 MB | 0.6/1.9 MB
Progress (2): 2.7/4.2 MB | 0.6/1.9 MB
Progress (2): 2.8/4.2 MB | 0.6/1.9 MB
Progress (2): 2.8/4.2 MB | 0.6/1.9 MB
Progress (2): 2.8/4.2 MB | 0.6/1.9 MB
Progress (2): 2.8/4.2 MB | 0.6/1.9 MB
Progress (2): 2.8/4.2 MB | 0.6/1.9 MB
Progress (2): 2.8/4.2 MB | 0.6/1.9 MB
Progress (2): 2.9/4.2 MB | 0.6/1.9 MB
Progress (2): 2.9/4.2 MB | 0.6/1.9 MB
Progress (2): 2.9/4.2 MB | 0.6/1.9 MB
Progress (2): 2.9/4.2 MB | 0.6/1.9 MB
Progress (2): 2.9/4.2 MB | 0.6/1.9 MB
Progress (2): 2.9/4.2 MB | 0.6/1.9 MB
Progress (2): 3.0/4.2 MB | 0.6/1.9 MB
Progress (2): 3.0/4.2 MB | 0.6/1.9 MB
Progress (2): 3.0/4.2 MB | 0.6/1.9 MB
Progress (2): 3.0/4.2 MB | 0.6/1.9 MB
Progress (2): 3.0/4.2 MB | 0.6/1.9 MB
Progress (2): 3.0/4.2 MB | 0.6/1.9 MB
Progress (2): 3.1/4.2 MB | 0.6/1.9 MB
Progress (2): 3.1/4.2 MB | 0.6/1.9 MB
Progress (2): 3.1/4.2 MB | 0.6/1.9 MB
Progress (2): 3.1/4.2 MB | 0.6/1.9 MB
Progress (2): 3.1/4.2 MB | 0.6/1.9 MB
Progress (2): 3.1/4.2 MB | 0.6/1.9 MB
Progress (2): 3.1/4.2 MB | 0.6/1.9 MB
Progress (2): 3.2/4.2 MB | 0.6/1.9 MB
Progress (2): 3.2/4.2 MB | 0.6/1.9 MB
Progress (2): 3.2/4.2 MB | 0.6/1.9 MB
Progress (2): 3.2/4.2 MB | 0.6/1.9 MB
Progress (2): 3.2/4.2 MB | 0.6/1.9 MB
Progress (2): 3.2/4.2 MB | 0.6/1.9 MB
Progress (2): 3.3/4.2 MB | 0.6/1.9 MB
Progress (2): 3.3/4.2 MB | 0.6/1.9 MB
Progress (2): 3.3/4.2 MB | 0.6/1.9 MB
Progress (2): 3.3/4.2 MB | 0.6/1.9 MB
Progress (2): 3.3/4.2 MB | 0.6/1.9 MB
Progress (2): 3.3/4.2 MB | 0.6/1.9 MB
Progress (2): 3.3/4.2 MB | 0.6/1.9 MB
Progress (2): 3.3/4.2 MB | 0.6/1.9 MB
Progress (2): 3.3/4.2 MB | 0.6/1.9 MB
Progress (2): 3.3/4.2 MB | 0.7/1.9 MB
Progress (2): 3.3/4.2 MB | 0.7/1.9 MB
Progress (2): 3.3/4.2 MB | 0.7/1.9 MB
Progress (2): 3.3/4.2 MB | 0.7/1.9 MB
Progress (2): 3.3/4.2 MB | 0.7/1.9 MB
Progress (2): 3.3/4.2 MB | 0.7/1.9 MB
Progress (2): 3.3/4.2 MB | 0.7/1.9 MB
Progress (2): 3.3/4.2 MB | 0.8/1.9 MB
Progress (2): 3.4/4.2 MB | 0.8/1.9 MB
Progress (2): 3.4/4.2 MB | 0.8/1.9 MB
Progress (2): 3.4/4.2 MB | 0.8/1.9 MB
Progress (2): 3.4/4.2 MB | 0.8/1.9 MB
Progress (2): 3.4/4.2 MB | 0.8/1.9 MB
Progress (2): 3.4/4.2 MB | 0.8/1.9 MB
Progress (2): 3.4/4.2 MB | 0.8/1.9 MB
Progress (2): 3.4/4.2 MB | 0.9/1.9 MB
Progress (2): 3.4/4.2 MB | 0.9/1.9 MB
Progress (2): 3.4/4.2 MB | 0.9/1.9 MB
Progress (2): 3.4/4.2 MB | 0.9/1.9 MB
Progress (2): 3.4/4.2 MB | 0.9/1.9 MB
Progress (2): 3.4/4.2 MB | 0.9/1.9 MB
Progress (2): 3.4/4.2 MB | 0.9/1.9 MB
Progress (2): 3.4/4.2 MB | 0.9/1.9 MB
Progress (2): 3.4/4.2 MB | 0.9/1.9 MB
Progress (2): 3.4/4.2 MB | 0.9/1.9 MB
Progress (2): 3.4/4.2 MB | 0.9/1.9 MB
Progress (2): 3.5/4.2 MB | 0.9/1.9 MB
Progress (2): 3.5/4.2 MB | 1.0/1.9 MB
Progress (2): 3.5/4.2 MB | 1.0/1.9 MB
Progress (2): 3.5/4.2 MB | 1.0/1.9 MB
Progress (2): 3.5/4.2 MB | 1.0/1.9 MB
Progress (2): 3.5/4.2 MB | 1.0/1.9 MB
Progress (2): 3.5/4.2 MB | 1.0/1.9 MB
Progress (2): 3.5/4.2 MB | 1.0/1.9 MB
Progress (2): 3.5/4.2 MB | 1.0/1.9 MB
Progress (2): 3.5/4.2 MB | 1.1/1.9 MB
Progress (2): 3.5/4.2 MB | 1.1/1.9 MB
Progress (2): 3.5/4.2 MB | 1.1/1.9 MB
Progress (2): 3.5/4.2 MB | 1.1/1.9 MB
Progress (2): 3.5/4.2 MB | 1.1/1.9 MB
Progress (2): 3.5/4.2 MB | 1.1/1.9 MB
Progress (2): 3.5/4.2 MB | 1.1/1.9 MB
Progress (2): 3.6/4.2 MB | 1.1/1.9 MB
Progress (2): 3.6/4.2 MB | 1.1/1.9 MB
Progress (2): 3.6/4.2 MB | 1.1/1.9 MB
Progress (2): 3.6/4.2 MB | 1.2/1.9 MB
Progress (2): 3.6/4.2 MB | 1.2/1.9 MB
Progress (2): 3.6/4.2 MB | 1.2/1.9 MB
Progress (2): 3.6/4.2 MB | 1.2/1.9 MB
Progress (2): 3.6/4.2 MB | 1.2/1.9 MB
Progress (2): 3.6/4.2 MB | 1.2/1.9 MB
Progress (2): 3.6/4.2 MB | 1.2/1.9 MB
Progress (2): 3.6/4.2 MB | 1.3/1.9 MB
Progress (2): 3.6/4.2 MB | 1.3/1.9 MB
Progress (2): 3.6/4.2 MB | 1.3/1.9 MB
Progress (2): 3.6/4.2 MB | 1.3/1.9 MB
Progress (2): 3.6/4.2 MB | 1.3/1.9 MB
Progress (2): 3.6/4.2 MB | 1.3/1.9 MB
Progress (2): 3.6/4.2 MB | 1.3/1.9 MB
Progress (2): 3.6/4.2 MB | 1.3/1.9 MB
Progress (2): 3.6/4.2 MB | 1.3/1.9 MB
Progress (2): 3.6/4.2 MB | 1.3/1.9 MB
Progress (2): 3.7/4.2 MB | 1.3/1.9 MB
Progress (2): 3.7/4.2 MB | 1.3/1.9 MB
Progress (2): 3.7/4.2 MB | 1.4/1.9 MB
Progress (2): 3.7/4.2 MB | 1.4/1.9 MB
Progress (2): 3.7/4.2 MB | 1.4/1.9 MB
Progress (2): 3.7/4.2 MB | 1.4/1.9 MB
Progress (2): 3.7/4.2 MB | 1.4/1.9 MB
Progress (2): 3.7/4.2 MB | 1.4/1.9 MB
Progress (2): 3.7/4.2 MB | 1.4/1.9 MB
Progress (2): 3.7/4.2 MB | 1.4/1.9 MB
Progress (2): 3.7/4.2 MB | 1.4/1.9 MB
Progress (2): 3.7/4.2 MB | 1.4/1.9 MB
Progress (2): 3.7/4.2 MB | 1.4/1.9 MB
Progress (2): 3.8/4.2 MB | 1.4/1.9 MB
Progress (2): 3.8/4.2 MB | 1.5/1.9 MB
Progress (2): 3.8/4.2 MB | 1.5/1.9 MB
Progress (2): 3.8/4.2 MB | 1.5/1.9 MB
Progress (2): 3.8/4.2 MB | 1.5/1.9 MB
Progress (2): 3.8/4.2 MB | 1.5/1.9 MB
Progress (2): 3.8/4.2 MB | 1.5/1.9 MB
Progress (2): 3.8/4.2 MB | 1.5/1.9 MB
Progress (2): 3.8/4.2 MB | 1.5/1.9 MB
Progress (2): 3.8/4.2 MB | 1.6/1.9 MB
Progress (2): 3.8/4.2 MB | 1.6/1.9 MB
Progress (2): 3.8/4.2 MB | 1.6/1.9 MB
Progress (2): 3.8/4.2 MB | 1.6/1.9 MB
Progress (2): 3.8/4.2 MB | 1.6/1.9 MB
Progress (2): 3.9/4.2 MB | 1.6/1.9 MB
Progress (2): 3.9/4.2 MB | 1.6/1.9 MB
Progress (2): 3.9/4.2 MB | 1.6/1.9 MB
Progress (2): 3.9/4.2 MB | 1.6/1.9 MB
Progress (2): 3.9/4.2 MB | 1.6/1.9 MB
Progress (2): 3.9/4.2 MB | 1.6/1.9 MB
Progress (2): 4.0/4.2 MB | 1.6/1.9 MB
Progress (2): 4.0/4.2 MB | 1.6/1.9 MB
Progress (2): 4.0/4.2 MB | 1.6/1.9 MB
Progress (2): 4.0/4.2 MB | 1.6/1.9 MB
Progress (2): 4.0/4.2 MB | 1.6/1.9 MB
Progress (2): 4.0/4.2 MB | 1.6/1.9 MB
Progress (2): 4.0/4.2 MB | 1.6/1.9 MB
Progress (2): 4.1/4.2 MB | 1.6/1.9 MB
Progress (2): 4.1/4.2 MB | 1.6/1.9 MB
Progress (2): 4.1/4.2 MB | 1.6/1.9 MB
Progress (2): 4.1/4.2 MB | 1.6/1.9 MB
Progress (2): 4.1/4.2 MB | 1.6/1.9 MB
Progress (2): 4.1/4.2 MB | 1.6/1.9 MB
Progress (2): 4.1/4.2 MB | 1.6/1.9 MB
Progress (2): 4.1/4.2 MB | 1.6/1.9 MB
Progress (2): 4.1/4.2 MB | 1.7/1.9 MB
Progress (2): 4.1/4.2 MB | 1.7/1.9 MB
Progress (2): 4.1/4.2 MB | 1.7/1.9 MB
Progress (2): 4.1/4.2 MB | 1.7/1.9 MB
Progress (2): 4.1/4.2 MB | 1.7/1.9 MB
Progress (2): 4.2/4.2 MB | 1.7/1.9 MB
Progress (2): 4.2/4.2 MB | 1.7/1.9 MB
Progress (2): 4.2/4.2 MB | 1.7/1.9 MB
Progress (2): 4.2/4.2 MB | 1.7/1.9 MB
Progress (2): 4.2/4.2 MB | 1.7/1.9 MB
Progress (2): 4.2 MB | 1.7/1.9 MB    
Progress (2): 4.2 MB | 1.7/1.9 MB
Progress (2): 4.2 MB | 1.8/1.9 MB
                                 
Downloaded from central: https://repo.maven.apache.org/maven2/net/bytebuddy/byte-buddy/1.14.10/byte-buddy-1.14.10.jar (4.2 MB at 1.0 MB/s)
#14 25.09 Progress (1): 1.8/1.9 MB
Progress (1): 1.8/1.9 MB
Progress (1): 1.8/1.9 MB
Progress (1): 1.8/1.9 MB
Progress (1): 1.8/1.9 MB
Progress (1): 1.9/1.9 MB
Progress (1): 1.9 MB    
                    
Downloaded from central: https://repo.maven.apache.org/maven2/io/projectreactor/reactor-core/3.6.1/reactor-core-3.6.1.jar (1.9 MB at 447 kB/s)
#14 25.23 [INFO] 
#14 25.23 [INFO] --- clean:3.3.2:clean (default-clean) @ exam-portal-backend ---
#14 25.50 [INFO] 
#14 25.50 [INFO] --- antlr4:4.13.1:antlr4 (default) @ exam-portal-backend ---
#14 25.89 [INFO] No ANTLR 4 grammars to compile in /app/src/main/antlr4
#14 25.89 [INFO] 
#14 25.89 [INFO] --- resources:3.3.1:resources (default-resources) @ exam-portal-backend ---
#14 26.19 [INFO] Copying 4 resources from src/main/resources to target/classes
#14 26.22 [INFO] Copying 4 resources from src/main/resources to target/classes
#14 26.23 [INFO] 
#14 26.23 [INFO] --- compiler:3.11.0:compile (default-compile) @ exam-portal-backend ---
#14 26.43 [INFO] Changes detected - recompiling the module! :source
#14 26.43 [INFO] Compiling 111 source files with javac [debug release 17] to target/classes
#14 33.51 [INFO] -------------------------------------------------------------
#14 33.51 [ERROR] COMPILATION ERROR : 
#14 33.51 [INFO] -------------------------------------------------------------
#14 33.51 [ERROR] /app/src/main/java/com/examportal/service/TestService.java:[189,9] cannot find symbol
#14 33.51   symbol:   variable log
#14 33.51   location: class com.examportal.service.TestService
#14 33.51 [ERROR] /app/src/main/java/com/examportal/service/TestService.java:[199,13] cannot find symbol
#14 33.51   symbol:   variable log
#14 33.51   location: class com.examportal.service.TestService
#14 33.51 [ERROR] /app/src/main/java/com/examportal/service/TestService.java:[201,13] cannot find symbol
#14 33.51   symbol:   variable log
#14 33.51   location: class com.examportal.service.TestService
#14 33.51 [INFO] 3 errors 
#14 33.51 [INFO] -------------------------------------------------------------
#14 33.51 [INFO] ------------------------------------------------------------------------
#14 33.51 [INFO] BUILD FAILURE
#14 33.51 [INFO] ------------------------------------------------------------------------
#14 33.51 [INFO] Total time:  27.952 s
#14 33.51 [INFO] Finished at: 2026-01-07T11:41:05Z
#14 33.51 [INFO] ------------------------------------------------------------------------
#14 33.51 [ERROR] Failed to execute goal org.apache.maven.plugins:maven-compiler-plugin:3.11.0:compile (default-compile) on project exam-portal-backend: Compilation failure: Compilation failure: 
#14 33.51 [ERROR] /app/src/main/java/com/examportal/service/TestService.java:[189,9] cannot find symbol
#14 33.51 [ERROR]   symbol:   variable log
#14 33.51 [ERROR]   location: class com.examportal.service.TestService
#14 33.51 [ERROR] /app/src/main/java/com/examportal/service/TestService.java:[199,13] cannot find symbol
#14 33.51 [ERROR]   symbol:   variable log
#14 33.51 [ERROR]   location: class com.examportal.service.TestService
#14 33.51 [ERROR] /app/src/main/java/com/examportal/service/TestService.java:[201,13] cannot find symbol
#14 33.51 [ERROR]   symbol:   variable log
#14 33.51 [ERROR]   location: class com.examportal.service.TestService
#14 33.51 [ERROR] -> [Help 1]
#14 33.51 [ERROR] 
#14 33.51 [ERROR] To see the full stack trace of the errors, re-run Maven with the -e switch.
#14 33.51 [ERROR] Re-run Maven using the -X switch to enable full debug logging.
#14 33.51 [ERROR] 
#14 33.51 [ERROR] For more information about the errors and possible solutions, please read the following articles:
#14 33.51 [ERROR] [Help 1] http://cwiki.apache.org/confluence/display/MAVEN/MojoFailureException
#14 ERROR: process "/bin/sh -c mvn clean package -DskipTests" did not complete successfully: exit code: 1
------
 > [builder 6/6] RUN mvn clean package -DskipTests:
33.51 [ERROR] /app/src/main/java/com/examportal/service/TestService.java:[201,13] cannot find symbol
33.51 [ERROR]   symbol:   variable log
33.51 [ERROR]   location: class com.examportal.service.TestService
33.51 [ERROR] -> [Help 1]
33.51 [ERROR] 
33.51 [ERROR] To see the full stack trace of the errors, re-run Maven with the -e switch.
33.51 [ERROR] Re-run Maven using the -X switch to enable full debug logging.
33.51 [ERROR] 
33.51 [ERROR] For more information about the errors and possible solutions, please read the following articles:
33.51 [ERROR] [Help 1] http://cwiki.apache.org/confluence/display/MAVEN/MojoFailureException
------
Dockerfile:16

--------------------

  14 |     

  15 |     # Build 
application

  16 | >>> RUN mvn clean 
package -DskipTests

  17 |     

  18 |     # ===============
============================
=

--------------------

failed to solve: process 
"/bin/sh -c mvn clean 
package -DskipTests" did 
not complete successfully: 
exit code: 1



View build details: docker-d
esktop://dashboard/build/def
ault/default/qztnm829jdumvyq
wf227oqzjh

