[INFO] Scanning for projects...
[INFO] 
[INFO] -----------------< com.examportal:exam-portal-backend >-----------------
[INFO] Building Exam Portal Backend 1.0.0
[INFO]   from pom.xml
[INFO] --------------------------------[ jar ]---------------------------------
[INFO] 
[INFO] --- antlr4:4.13.1:antlr4 (default) @ exam-portal-backend ---
[INFO] No ANTLR 4 grammars to compile in C:\Users\ganes\OneDrive\Desktop\mock test\backend\src\main\antlr4
[INFO] 
[INFO] --- resources:3.3.1:resources (default-resources) @ exam-portal-backend ---
[INFO] Copying 4 resources from src\main\resources to target\classes
[INFO] Copying 4 resources from src\main\resources to target\classes
[INFO] 
[INFO] --- compiler:3.11.0:compile (default-compile) @ exam-portal-backend ---
[INFO] Changes detected - recompiling the module! :source
[INFO] Compiling 96 source files with javac [debug release 17] to target\classes
[INFO] -------------------------------------------------------------
[WARNING] COMPILATION WARNING : 
[INFO] -------------------------------------------------------------
[WARNING] /C:/Users/ganes/OneDrive/Desktop/mock test/backend/src/main/java/com/examportal/entity/User.java:[36,21] @Builder will ignore the initializing expression entirely. If you want the initializing expression to serve as default, add @Builder.Default. If it is not supposed to be settable during building, make the field final.
[WARNING] /C:/Users/ganes/OneDrive/Desktop/mock test/backend/src/main/java/com/examportal/entity/User.java:[41,27] @Builder will ignore the initializing expression entirely. If you want the initializing expression to serve as default, add @Builder.Default. If it is not supposed to be settable during building, make the field final.
[WARNING] /C:/Users/ganes/OneDrive/Desktop/mock test/backend/src/main/java/com/examportal/entity/ProctorLog.java:[44,33] @Builder will ignore the initializing expression entirely. If you want the initializing expression to serve as default, add @Builder.Default. If it is not supposed to be settable during building, make the field final.
[WARNING] /C:/Users/ganes/OneDrive/Desktop/mock test/backend/src/main/java/com/examportal/entity/Test.java:[48,27] @Builder will ignore the initializing expression entirely. If you want the initializing expression to serve as default, add @Builder.Default. If it is not supposed to be settable during building, make the field final.
[WARNING] /C:/Users/ganes/OneDrive/Desktop/mock test/backend/src/main/java/com/examportal/entity/StudentAttempt.java:[47,21] @Builder will ignore the initializing expression entirely. If you want the initializing expression to serve as default, add @Builder.Default. If it is not supposed to be settable during building, make the field final.
[WARNING] /C:/Users/ganes/OneDrive/Desktop/mock test/backend/src/main/java/com/examportal/entity/StudentAttempt.java:[48,21] @Builder will ignore the initializing expression entirely. If you want the initializing expression to serve as default, add @Builder.Default. If it is not supposed to be settable during building, make the field final.
[WARNING] /C:/Users/ganes/OneDrive/Desktop/mock test/backend/src/main/java/com/examportal/entity/StudentAttempt.java:[53,33] @Builder will ignore the initializing expression entirely. If you want the initializing expression to serve as default, add @Builder.Default. If it is not supposed to be settable during building, make the field final.
[WARNING] /C:/Users/ganes/OneDrive/Desktop/mock test/backend/src/main/java/com/examportal/entity/StudentAttempt.java:[58,33] @Builder will ignore the initializing expression entirely. If you want the initializing expression to serve as default, add @Builder.Default. If it is not supposed to be settable during building, make the field final.
[WARNING] /C:/Users/ganes/OneDrive/Desktop/mock test/backend/src/main/java/com/examportal/violation/entity/Violation.java:[46,21] @Builder will ignore the initializing expression entirely. If you want the initializing expression to serve as default, add @Builder.Default. If it is not supposed to be settable during building, make the field final.
[WARNING] /C:/Users/ganes/OneDrive/Desktop/mock test/backend/src/main/java/com/examportal/violation/entity/Violation.java:[47,21] @Builder will ignore the initializing expression entirely. If you want the initializing expression to serve as default, add @Builder.Default. If it is not supposed to be settable during building, make the field final.
[INFO] 10 warnings 
[INFO] -------------------------------------------------------------
[INFO] -------------------------------------------------------------
[ERROR] COMPILATION ERROR : 
[INFO] -------------------------------------------------------------
[ERROR] /C:/Users/ganes/OneDrive/Desktop/mock test/backend/src/main/java/com/examportal/repository/UserRepository.java:[23,59] cannot find symbol
  symbol:   class Role
  location: interface com.examportal.repository.UserRepository
[INFO] 1 error
[INFO] -------------------------------------------------------------
[INFO] ------------------------------------------------------------------------
[INFO] BUILD FAILURE
[INFO] ------------------------------------------------------------------------
[INFO] Total time:  11.787 s
[INFO] Finished at: 2026-01-05T10:02:14+05:30
[INFO] ------------------------------------------------------------------------
[ERROR] Failed to execute goal org.apache.maven.plugins:maven-compiler-plugin:3.11.0:compile (default-compile) on project exam-portal-backend: Compilation failure
[ERROR] /C:/Users/ganes/OneDrive/Desktop/mock test/backend/src/main/java/com/examportal/repository/UserRepository.java:[23,59] cannot find symbol
[ERROR]   symbol:   class Role
[ERROR]   location: interface com.examportal.repository.UserRepository
[ERROR] 
[ERROR] -> [Help 1]
[ERROR] 
[ERROR] To see the full stack trace of the errors, re-run Maven with the -e switch.
[ERROR] Re-run Maven using the -X switch to enable full debug logging.
[ERROR] 
[ERROR] For more information about the errors and possible solutions, please read the following articles:
[ERROR] [Help 1] http://cwiki.apache.org/confluence/display/MAVEN/MojoFailureException
